Archive member included to satisfy reference by file (symbol)

c:/st/stm32cubeide_1.8.0/stm32cubeide/plugins/com.st.stm32cube.ide.mcu.externaltools.gnu-tools-for-stm32.9-2020-q2-update.win32_2.0.0.202105311346/tools/bin/../lib/gcc/arm-none-eabi/9.3.1/../../../../arm-none-eabi/lib/thumb/v7e-m+fp/hard\libc_nano.a(lib_a-errno.o)
                              ./Src/syscalls.o (__errno)
c:/st/stm32cubeide_1.8.0/stm32cubeide/plugins/com.st.stm32cube.ide.mcu.externaltools.gnu-tools-for-stm32.9-2020-q2-update.win32_2.0.0.202105311346/tools/bin/../lib/gcc/arm-none-eabi/9.3.1/../../../../arm-none-eabi/lib/thumb/v7e-m+fp/hard\libc_nano.a(lib_a-exit.o)
                              c:/st/stm32cubeide_1.8.0/stm32cubeide/plugins/com.st.stm32cube.ide.mcu.externaltools.gnu-tools-for-stm32.9-2020-q2-update.win32_2.0.0.202105311346/tools/bin/../lib/gcc/arm-none-eabi/9.3.1/../../../../arm-none-eabi/lib/thumb/v7e-m+fp/hard/crt0.o (exit)
c:/st/stm32cubeide_1.8.0/stm32cubeide/plugins/com.st.stm32cube.ide.mcu.externaltools.gnu-tools-for-stm32.9-2020-q2-update.win32_2.0.0.202105311346/tools/bin/../lib/gcc/arm-none-eabi/9.3.1/../../../../arm-none-eabi/lib/thumb/v7e-m+fp/hard\libc_nano.a(lib_a-impure.o)
                              c:/st/stm32cubeide_1.8.0/stm32cubeide/plugins/com.st.stm32cube.ide.mcu.externaltools.gnu-tools-for-stm32.9-2020-q2-update.win32_2.0.0.202105311346/tools/bin/../lib/gcc/arm-none-eabi/9.3.1/../../../../arm-none-eabi/lib/thumb/v7e-m+fp/hard\libc_nano.a(lib_a-exit.o) (_global_impure_ptr)
c:/st/stm32cubeide_1.8.0/stm32cubeide/plugins/com.st.stm32cube.ide.mcu.externaltools.gnu-tools-for-stm32.9-2020-q2-update.win32_2.0.0.202105311346/tools/bin/../lib/gcc/arm-none-eabi/9.3.1/../../../../arm-none-eabi/lib/thumb/v7e-m+fp/hard\libc_nano.a(lib_a-init.o)
                              c:/st/stm32cubeide_1.8.0/stm32cubeide/plugins/com.st.stm32cube.ide.mcu.externaltools.gnu-tools-for-stm32.9-2020-q2-update.win32_2.0.0.202105311346/tools/bin/../lib/gcc/arm-none-eabi/9.3.1/../../../../arm-none-eabi/lib/thumb/v7e-m+fp/hard/crt0.o (__libc_init_array)
c:/st/stm32cubeide_1.8.0/stm32cubeide/plugins/com.st.stm32cube.ide.mcu.externaltools.gnu-tools-for-stm32.9-2020-q2-update.win32_2.0.0.202105311346/tools/bin/../lib/gcc/arm-none-eabi/9.3.1/../../../../arm-none-eabi/lib/thumb/v7e-m+fp/hard\libc_nano.a(lib_a-memset.o)
                              c:/st/stm32cubeide_1.8.0/stm32cubeide/plugins/com.st.stm32cube.ide.mcu.externaltools.gnu-tools-for-stm32.9-2020-q2-update.win32_2.0.0.202105311346/tools/bin/../lib/gcc/arm-none-eabi/9.3.1/../../../../arm-none-eabi/lib/thumb/v7e-m+fp/hard/crt0.o (memset)

Discarded input sections

 .text          0x0000000000000000        0x0 c:/st/stm32cubeide_1.8.0/stm32cubeide/plugins/com.st.stm32cube.ide.mcu.externaltools.gnu-tools-for-stm32.9-2020-q2-update.win32_2.0.0.202105311346/tools/bin/../lib/gcc/arm-none-eabi/9.3.1/thumb/v7e-m+fp/hard/crti.o
 .data          0x0000000000000000        0x0 c:/st/stm32cubeide_1.8.0/stm32cubeide/plugins/com.st.stm32cube.ide.mcu.externaltools.gnu-tools-for-stm32.9-2020-q2-update.win32_2.0.0.202105311346/tools/bin/../lib/gcc/arm-none-eabi/9.3.1/thumb/v7e-m+fp/hard/crti.o
 .bss           0x0000000000000000        0x0 c:/st/stm32cubeide_1.8.0/stm32cubeide/plugins/com.st.stm32cube.ide.mcu.externaltools.gnu-tools-for-stm32.9-2020-q2-update.win32_2.0.0.202105311346/tools/bin/../lib/gcc/arm-none-eabi/9.3.1/thumb/v7e-m+fp/hard/crti.o
 .data          0x0000000000000000        0x4 c:/st/stm32cubeide_1.8.0/stm32cubeide/plugins/com.st.stm32cube.ide.mcu.externaltools.gnu-tools-for-stm32.9-2020-q2-update.win32_2.0.0.202105311346/tools/bin/../lib/gcc/arm-none-eabi/9.3.1/thumb/v7e-m+fp/hard/crtbegin.o
 .text          0x0000000000000000       0x7c c:/st/stm32cubeide_1.8.0/stm32cubeide/plugins/com.st.stm32cube.ide.mcu.externaltools.gnu-tools-for-stm32.9-2020-q2-update.win32_2.0.0.202105311346/tools/bin/../lib/gcc/arm-none-eabi/9.3.1/../../../../arm-none-eabi/lib/thumb/v7e-m+fp/hard/crt0.o
 .data          0x0000000000000000        0x0 c:/st/stm32cubeide_1.8.0/stm32cubeide/plugins/com.st.stm32cube.ide.mcu.externaltools.gnu-tools-for-stm32.9-2020-q2-update.win32_2.0.0.202105311346/tools/bin/../lib/gcc/arm-none-eabi/9.3.1/../../../../arm-none-eabi/lib/thumb/v7e-m+fp/hard/crt0.o
 .bss           0x0000000000000000        0x0 c:/st/stm32cubeide_1.8.0/stm32cubeide/plugins/com.st.stm32cube.ide.mcu.externaltools.gnu-tools-for-stm32.9-2020-q2-update.win32_2.0.0.202105311346/tools/bin/../lib/gcc/arm-none-eabi/9.3.1/../../../../arm-none-eabi/lib/thumb/v7e-m+fp/hard/crt0.o
 .ARM.extab     0x0000000000000000        0x0 c:/st/stm32cubeide_1.8.0/stm32cubeide/plugins/com.st.stm32cube.ide.mcu.externaltools.gnu-tools-for-stm32.9-2020-q2-update.win32_2.0.0.202105311346/tools/bin/../lib/gcc/arm-none-eabi/9.3.1/../../../../arm-none-eabi/lib/thumb/v7e-m+fp/hard/crt0.o
 .ARM.exidx     0x0000000000000000       0x10 c:/st/stm32cubeide_1.8.0/stm32cubeide/plugins/com.st.stm32cube.ide.mcu.externaltools.gnu-tools-for-stm32.9-2020-q2-update.win32_2.0.0.202105311346/tools/bin/../lib/gcc/arm-none-eabi/9.3.1/../../../../arm-none-eabi/lib/thumb/v7e-m+fp/hard/crt0.o
 .ARM.attributes
                0x0000000000000000       0x1c c:/st/stm32cubeide_1.8.0/stm32cubeide/plugins/com.st.stm32cube.ide.mcu.externaltools.gnu-tools-for-stm32.9-2020-q2-update.win32_2.0.0.202105311346/tools/bin/../lib/gcc/arm-none-eabi/9.3.1/../../../../arm-none-eabi/lib/thumb/v7e-m+fp/hard/crt0.o
 .group         0x0000000000000000        0xc ./Mydriver/Src/EXTI.o
 .group         0x0000000000000000        0xc ./Mydriver/Src/EXTI.o
 .group         0x0000000000000000        0xc ./Mydriver/Src/EXTI.o
 .group         0x0000000000000000        0xc ./Mydriver/Src/EXTI.o
 .group         0x0000000000000000        0xc ./Mydriver/Src/EXTI.o
 .group         0x0000000000000000        0xc ./Mydriver/Src/EXTI.o
 .group         0x0000000000000000        0xc ./Mydriver/Src/EXTI.o
 .group         0x0000000000000000        0xc ./Mydriver/Src/EXTI.o
 .group         0x0000000000000000        0xc ./Mydriver/Src/EXTI.o
 .group         0x0000000000000000        0xc ./Mydriver/Src/EXTI.o
 .group         0x0000000000000000        0xc ./Mydriver/Src/EXTI.o
 .group         0x0000000000000000        0xc ./Mydriver/Src/EXTI.o
 .group         0x0000000000000000        0xc ./Mydriver/Src/EXTI.o
 .group         0x0000000000000000        0xc ./Mydriver/Src/EXTI.o
 .group         0x0000000000000000        0xc ./Mydriver/Src/EXTI.o
 .group         0x0000000000000000        0xc ./Mydriver/Src/EXTI.o
 .group         0x0000000000000000        0xc ./Mydriver/Src/EXTI.o
 .group         0x0000000000000000        0xc ./Mydriver/Src/EXTI.o
 .group         0x0000000000000000        0xc ./Mydriver/Src/EXTI.o
 .group         0x0000000000000000        0xc ./Mydriver/Src/EXTI.o
 .group         0x0000000000000000        0xc ./Mydriver/Src/EXTI.o
 .group         0x0000000000000000        0xc ./Mydriver/Src/EXTI.o
 .group         0x0000000000000000        0xc ./Mydriver/Src/EXTI.o
 .group         0x0000000000000000        0xc ./Mydriver/Src/EXTI.o
 .group         0x0000000000000000        0xc ./Mydriver/Src/EXTI.o
 .group         0x0000000000000000        0xc ./Mydriver/Src/EXTI.o
 .group         0x0000000000000000        0xc ./Mydriver/Src/EXTI.o
 .group         0x0000000000000000        0xc ./Mydriver/Src/EXTI.o
 .group         0x0000000000000000        0xc ./Mydriver/Src/EXTI.o
 .group         0x0000000000000000        0xc ./Mydriver/Src/EXTI.o
 .group         0x0000000000000000        0xc ./Mydriver/Src/EXTI.o
 .text          0x0000000000000000        0x0 ./Mydriver/Src/EXTI.o
 .data          0x0000000000000000        0x0 ./Mydriver/Src/EXTI.o
 .bss           0x0000000000000000        0x0 ./Mydriver/Src/EXTI.o
 .text.EXTI_Init
                0x0000000000000000      0x128 ./Mydriver/Src/EXTI.o
 .text.EXTI_Line_Config
                0x0000000000000000       0x68 ./Mydriver/Src/EXTI.o
 .text.NVIC_EnableInterrupt
                0x0000000000000000       0x68 ./Mydriver/Src/EXTI.o
 .debug_info    0x0000000000000000      0xb74 ./Mydriver/Src/EXTI.o
 .debug_abbrev  0x0000000000000000      0x1c8 ./Mydriver/Src/EXTI.o
 .debug_aranges
                0x0000000000000000       0x30 ./Mydriver/Src/EXTI.o
 .debug_ranges  0x0000000000000000       0x20 ./Mydriver/Src/EXTI.o
 .debug_macro   0x0000000000000000      0x1c1 ./Mydriver/Src/EXTI.o
 .debug_macro   0x0000000000000000      0xab4 ./Mydriver/Src/EXTI.o
 .debug_macro   0x0000000000000000       0x22 ./Mydriver/Src/EXTI.o
 .debug_macro   0x0000000000000000       0x8e ./Mydriver/Src/EXTI.o
 .debug_macro   0x0000000000000000       0x51 ./Mydriver/Src/EXTI.o
 .debug_macro   0x0000000000000000      0x103 ./Mydriver/Src/EXTI.o
 .debug_macro   0x0000000000000000       0x6a ./Mydriver/Src/EXTI.o
 .debug_macro   0x0000000000000000      0x1df ./Mydriver/Src/EXTI.o
 .debug_macro   0x0000000000000000       0x52 ./Mydriver/Src/EXTI.o
 .debug_macro   0x0000000000000000       0x18 ./Mydriver/Src/EXTI.o
 .debug_macro   0x0000000000000000       0x3c ./Mydriver/Src/EXTI.o
 .debug_macro   0x0000000000000000       0x34 ./Mydriver/Src/EXTI.o
 .debug_macro   0x0000000000000000      0x174 ./Mydriver/Src/EXTI.o
 .debug_macro   0x0000000000000000       0x16 ./Mydriver/Src/EXTI.o
 .debug_macro   0x0000000000000000       0x43 ./Mydriver/Src/EXTI.o
 .debug_macro   0x0000000000000000       0x34 ./Mydriver/Src/EXTI.o
 .debug_macro   0x0000000000000000       0x10 ./Mydriver/Src/EXTI.o
 .debug_macro   0x0000000000000000       0x58 ./Mydriver/Src/EXTI.o
 .debug_macro   0x0000000000000000       0x71 ./Mydriver/Src/EXTI.o
 .debug_macro   0x0000000000000000       0x1c ./Mydriver/Src/EXTI.o
 .debug_macro   0x0000000000000000      0x12a ./Mydriver/Src/EXTI.o
 .debug_macro   0x0000000000000000      0x339 ./Mydriver/Src/EXTI.o
 .debug_macro   0x0000000000000000       0x10 ./Mydriver/Src/EXTI.o
 .debug_macro   0x0000000000000000       0x35 ./Mydriver/Src/EXTI.o
 .debug_macro   0x0000000000000000       0x20 ./Mydriver/Src/EXTI.o
 .debug_macro   0x0000000000000000      0x33a ./Mydriver/Src/EXTI.o
 .debug_macro   0x0000000000000000      0x112 ./Mydriver/Src/EXTI.o
 .debug_macro   0x0000000000000000       0x76 ./Mydriver/Src/EXTI.o
 .debug_macro   0x0000000000000000       0x8e ./Mydriver/Src/EXTI.o
 .debug_macro   0x0000000000000000       0x7c ./Mydriver/Src/EXTI.o
 .debug_macro   0x0000000000000000       0x52 ./Mydriver/Src/EXTI.o
 .debug_macro   0x0000000000000000       0xb2 ./Mydriver/Src/EXTI.o
 .debug_line    0x0000000000000000      0x695 ./Mydriver/Src/EXTI.o
 .debug_str     0x0000000000000000     0xa2ad ./Mydriver/Src/EXTI.o
 .comment       0x0000000000000000       0x54 ./Mydriver/Src/EXTI.o
 .debug_frame   0x0000000000000000       0x88 ./Mydriver/Src/EXTI.o
 .ARM.attributes
                0x0000000000000000       0x34 ./Mydriver/Src/EXTI.o
 .group         0x0000000000000000        0xc ./Mydriver/Src/GPIO.o
 .group         0x0000000000000000        0xc ./Mydriver/Src/GPIO.o
 .group         0x0000000000000000        0xc ./Mydriver/Src/GPIO.o
 .group         0x0000000000000000        0xc ./Mydriver/Src/GPIO.o
 .group         0x0000000000000000        0xc ./Mydriver/Src/GPIO.o
 .group         0x0000000000000000        0xc ./Mydriver/Src/GPIO.o
 .group         0x0000000000000000        0xc ./Mydriver/Src/GPIO.o
 .group         0x0000000000000000        0xc ./Mydriver/Src/GPIO.o
 .group         0x0000000000000000        0xc ./Mydriver/Src/GPIO.o
 .group         0x0000000000000000        0xc ./Mydriver/Src/GPIO.o
 .group         0x0000000000000000        0xc ./Mydriver/Src/GPIO.o
 .group         0x0000000000000000        0xc ./Mydriver/Src/GPIO.o
 .group         0x0000000000000000        0xc ./Mydriver/Src/GPIO.o
 .group         0x0000000000000000        0xc ./Mydriver/Src/GPIO.o
 .group         0x0000000000000000        0xc ./Mydriver/Src/GPIO.o
 .group         0x0000000000000000        0xc ./Mydriver/Src/GPIO.o
 .group         0x0000000000000000        0xc ./Mydriver/Src/GPIO.o
 .group         0x0000000000000000        0xc ./Mydriver/Src/GPIO.o
 .group         0x0000000000000000        0xc ./Mydriver/Src/GPIO.o
 .group         0x0000000000000000        0xc ./Mydriver/Src/GPIO.o
 .group         0x0000000000000000        0xc ./Mydriver/Src/GPIO.o
 .group         0x0000000000000000        0xc ./Mydriver/Src/GPIO.o
 .group         0x0000000000000000        0xc ./Mydriver/Src/GPIO.o
 .group         0x0000000000000000        0xc ./Mydriver/Src/GPIO.o
 .group         0x0000000000000000        0xc ./Mydriver/Src/GPIO.o
 .group         0x0000000000000000        0xc ./Mydriver/Src/GPIO.o
 .group         0x0000000000000000        0xc ./Mydriver/Src/GPIO.o
 .group         0x0000000000000000        0xc ./Mydriver/Src/GPIO.o
 .group         0x0000000000000000        0xc ./Mydriver/Src/GPIO.o
 .group         0x0000000000000000        0xc ./Mydriver/Src/GPIO.o
 .group         0x0000000000000000        0xc ./Mydriver/Src/GPIO.o
 .text          0x0000000000000000        0x0 ./Mydriver/Src/GPIO.o
 .data          0x0000000000000000        0x0 ./Mydriver/Src/GPIO.o
 .bss           0x0000000000000000        0x0 ./Mydriver/Src/GPIO.o
 .text.GPIO_Init
                0x0000000000000000      0x170 ./Mydriver/Src/GPIO.o
 .text.GPIO_WritePin
                0x0000000000000000       0x34 ./Mydriver/Src/GPIO.o
 .text.GPIO_ReadPin
                0x0000000000000000       0x2e ./Mydriver/Src/GPIO.o
 .text.GPIO_LockPin
                0x0000000000000000       0x38 ./Mydriver/Src/GPIO.o
 .debug_info    0x0000000000000000      0xbd0 ./Mydriver/Src/GPIO.o
 .debug_abbrev  0x0000000000000000      0x1ef ./Mydriver/Src/GPIO.o
 .debug_aranges
                0x0000000000000000       0x38 ./Mydriver/Src/GPIO.o
 .debug_ranges  0x0000000000000000       0x28 ./Mydriver/Src/GPIO.o
 .debug_macro   0x0000000000000000      0x1c1 ./Mydriver/Src/GPIO.o
 .debug_macro   0x0000000000000000      0xab4 ./Mydriver/Src/GPIO.o
 .debug_macro   0x0000000000000000       0x22 ./Mydriver/Src/GPIO.o
 .debug_macro   0x0000000000000000       0x8e ./Mydriver/Src/GPIO.o
 .debug_macro   0x0000000000000000       0x51 ./Mydriver/Src/GPIO.o
 .debug_macro   0x0000000000000000      0x103 ./Mydriver/Src/GPIO.o
 .debug_macro   0x0000000000000000       0x6a ./Mydriver/Src/GPIO.o
 .debug_macro   0x0000000000000000      0x1df ./Mydriver/Src/GPIO.o
 .debug_macro   0x0000000000000000       0x52 ./Mydriver/Src/GPIO.o
 .debug_macro   0x0000000000000000       0x18 ./Mydriver/Src/GPIO.o
 .debug_macro   0x0000000000000000       0x3c ./Mydriver/Src/GPIO.o
 .debug_macro   0x0000000000000000       0x34 ./Mydriver/Src/GPIO.o
 .debug_macro   0x0000000000000000      0x174 ./Mydriver/Src/GPIO.o
 .debug_macro   0x0000000000000000       0x16 ./Mydriver/Src/GPIO.o
 .debug_macro   0x0000000000000000       0x43 ./Mydriver/Src/GPIO.o
 .debug_macro   0x0000000000000000       0x34 ./Mydriver/Src/GPIO.o
 .debug_macro   0x0000000000000000       0x10 ./Mydriver/Src/GPIO.o
 .debug_macro   0x0000000000000000       0x58 ./Mydriver/Src/GPIO.o
 .debug_macro   0x0000000000000000       0x71 ./Mydriver/Src/GPIO.o
 .debug_macro   0x0000000000000000       0x1c ./Mydriver/Src/GPIO.o
 .debug_macro   0x0000000000000000      0x12a ./Mydriver/Src/GPIO.o
 .debug_macro   0x0000000000000000      0x339 ./Mydriver/Src/GPIO.o
 .debug_macro   0x0000000000000000       0x10 ./Mydriver/Src/GPIO.o
 .debug_macro   0x0000000000000000       0x35 ./Mydriver/Src/GPIO.o
 .debug_macro   0x0000000000000000       0x20 ./Mydriver/Src/GPIO.o
 .debug_macro   0x0000000000000000      0x33a ./Mydriver/Src/GPIO.o
 .debug_macro   0x0000000000000000       0x76 ./Mydriver/Src/GPIO.o
 .debug_macro   0x0000000000000000       0xb2 ./Mydriver/Src/GPIO.o
 .debug_macro   0x0000000000000000       0x8e ./Mydriver/Src/GPIO.o
 .debug_macro   0x0000000000000000       0x7c ./Mydriver/Src/GPIO.o
 .debug_macro   0x0000000000000000       0x52 ./Mydriver/Src/GPIO.o
 .debug_macro   0x0000000000000000      0x112 ./Mydriver/Src/GPIO.o
 .debug_line    0x0000000000000000      0x6b7 ./Mydriver/Src/GPIO.o
 .debug_str     0x0000000000000000     0xa24f ./Mydriver/Src/GPIO.o
 .comment       0x0000000000000000       0x54 ./Mydriver/Src/GPIO.o
 .debug_frame   0x0000000000000000       0xb0 ./Mydriver/Src/GPIO.o
 .ARM.attributes
                0x0000000000000000       0x34 ./Mydriver/Src/GPIO.o
 .group         0x0000000000000000        0xc ./Mydriver/Src/I2C.o
 .group         0x0000000000000000        0xc ./Mydriver/Src/I2C.o
 .group         0x0000000000000000        0xc ./Mydriver/Src/I2C.o
 .group         0x0000000000000000        0xc ./Mydriver/Src/I2C.o
 .group         0x0000000000000000        0xc ./Mydriver/Src/I2C.o
 .group         0x0000000000000000        0xc ./Mydriver/Src/I2C.o
 .group         0x0000000000000000        0xc ./Mydriver/Src/I2C.o
 .group         0x0000000000000000        0xc ./Mydriver/Src/I2C.o
 .group         0x0000000000000000        0xc ./Mydriver/Src/I2C.o
 .group         0x0000000000000000        0xc ./Mydriver/Src/I2C.o
 .group         0x0000000000000000        0xc ./Mydriver/Src/I2C.o
 .group         0x0000000000000000        0xc ./Mydriver/Src/I2C.o
 .group         0x0000000000000000        0xc ./Mydriver/Src/I2C.o
 .group         0x0000000000000000        0xc ./Mydriver/Src/I2C.o
 .group         0x0000000000000000        0xc ./Mydriver/Src/I2C.o
 .group         0x0000000000000000        0xc ./Mydriver/Src/I2C.o
 .group         0x0000000000000000        0xc ./Mydriver/Src/I2C.o
 .group         0x0000000000000000        0xc ./Mydriver/Src/I2C.o
 .group         0x0000000000000000        0xc ./Mydriver/Src/I2C.o
 .group         0x0000000000000000        0xc ./Mydriver/Src/I2C.o
 .group         0x0000000000000000        0xc ./Mydriver/Src/I2C.o
 .group         0x0000000000000000        0xc ./Mydriver/Src/I2C.o
 .group         0x0000000000000000        0xc ./Mydriver/Src/I2C.o
 .group         0x0000000000000000        0xc ./Mydriver/Src/I2C.o
 .group         0x0000000000000000        0xc ./Mydriver/Src/I2C.o
 .group         0x0000000000000000        0xc ./Mydriver/Src/I2C.o
 .group         0x0000000000000000        0xc ./Mydriver/Src/I2C.o
 .group         0x0000000000000000        0xc ./Mydriver/Src/I2C.o
 .group         0x0000000000000000        0xc ./Mydriver/Src/I2C.o
 .group         0x0000000000000000        0xc ./Mydriver/Src/I2C.o
 .group         0x0000000000000000        0xc ./Mydriver/Src/I2C.o
 .text          0x0000000000000000        0x0 ./Mydriver/Src/I2C.o
 .data          0x0000000000000000        0x0 ./Mydriver/Src/I2C.o
 .bss           0x0000000000000000        0x0 ./Mydriver/Src/I2C.o
 .text.I2C_Init
                0x0000000000000000       0xd8 ./Mydriver/Src/I2C.o
 .text.I2C1_PeriphCmd
                0x0000000000000000       0x38 ./Mydriver/Src/I2C.o
 .debug_info    0x0000000000000000      0xb2a ./Mydriver/Src/I2C.o
 .debug_abbrev  0x0000000000000000      0x1eb ./Mydriver/Src/I2C.o
 .debug_aranges
                0x0000000000000000       0x28 ./Mydriver/Src/I2C.o
 .debug_ranges  0x0000000000000000       0x30 ./Mydriver/Src/I2C.o
 .debug_macro   0x0000000000000000      0x1c1 ./Mydriver/Src/I2C.o
 .debug_macro   0x0000000000000000      0xab4 ./Mydriver/Src/I2C.o
 .debug_macro   0x0000000000000000       0x22 ./Mydriver/Src/I2C.o
 .debug_macro   0x0000000000000000       0x8e ./Mydriver/Src/I2C.o
 .debug_macro   0x0000000000000000       0x51 ./Mydriver/Src/I2C.o
 .debug_macro   0x0000000000000000      0x103 ./Mydriver/Src/I2C.o
 .debug_macro   0x0000000000000000       0x6a ./Mydriver/Src/I2C.o
 .debug_macro   0x0000000000000000      0x1df ./Mydriver/Src/I2C.o
 .debug_macro   0x0000000000000000       0x52 ./Mydriver/Src/I2C.o
 .debug_macro   0x0000000000000000       0x18 ./Mydriver/Src/I2C.o
 .debug_macro   0x0000000000000000       0x3c ./Mydriver/Src/I2C.o
 .debug_macro   0x0000000000000000       0x34 ./Mydriver/Src/I2C.o
 .debug_macro   0x0000000000000000      0x174 ./Mydriver/Src/I2C.o
 .debug_macro   0x0000000000000000       0x16 ./Mydriver/Src/I2C.o
 .debug_macro   0x0000000000000000       0x43 ./Mydriver/Src/I2C.o
 .debug_macro   0x0000000000000000       0x34 ./Mydriver/Src/I2C.o
 .debug_macro   0x0000000000000000       0x10 ./Mydriver/Src/I2C.o
 .debug_macro   0x0000000000000000       0x58 ./Mydriver/Src/I2C.o
 .debug_macro   0x0000000000000000       0x71 ./Mydriver/Src/I2C.o
 .debug_macro   0x0000000000000000       0x1c ./Mydriver/Src/I2C.o
 .debug_macro   0x0000000000000000      0x12a ./Mydriver/Src/I2C.o
 .debug_macro   0x0000000000000000      0x339 ./Mydriver/Src/I2C.o
 .debug_macro   0x0000000000000000       0x10 ./Mydriver/Src/I2C.o
 .debug_macro   0x0000000000000000       0x35 ./Mydriver/Src/I2C.o
 .debug_macro   0x0000000000000000       0x20 ./Mydriver/Src/I2C.o
 .debug_macro   0x0000000000000000      0x33a ./Mydriver/Src/I2C.o
 .debug_macro   0x0000000000000000      0x112 ./Mydriver/Src/I2C.o
 .debug_macro   0x0000000000000000       0x76 ./Mydriver/Src/I2C.o
 .debug_macro   0x0000000000000000       0xb2 ./Mydriver/Src/I2C.o
 .debug_macro   0x0000000000000000       0x8e ./Mydriver/Src/I2C.o
 .debug_macro   0x0000000000000000       0x7c ./Mydriver/Src/I2C.o
 .debug_macro   0x0000000000000000       0x52 ./Mydriver/Src/I2C.o
 .debug_line    0x0000000000000000      0x5fc ./Mydriver/Src/I2C.o
 .debug_str     0x0000000000000000     0xa219 ./Mydriver/Src/I2C.o
 .comment       0x0000000000000000       0x54 ./Mydriver/Src/I2C.o
 .debug_frame   0x0000000000000000       0x5c ./Mydriver/Src/I2C.o
 .ARM.attributes
                0x0000000000000000       0x34 ./Mydriver/Src/I2C.o
 .group         0x0000000000000000        0xc ./Mydriver/Src/RCC.o
 .group         0x0000000000000000        0xc ./Mydriver/Src/RCC.o
 .group         0x0000000000000000        0xc ./Mydriver/Src/RCC.o
 .group         0x0000000000000000        0xc ./Mydriver/Src/RCC.o
 .group         0x0000000000000000        0xc ./Mydriver/Src/RCC.o
 .group         0x0000000000000000        0xc ./Mydriver/Src/RCC.o
 .group         0x0000000000000000        0xc ./Mydriver/Src/RCC.o
 .group         0x0000000000000000        0xc ./Mydriver/Src/RCC.o
 .group         0x0000000000000000        0xc ./Mydriver/Src/RCC.o
 .group         0x0000000000000000        0xc ./Mydriver/Src/RCC.o
 .group         0x0000000000000000        0xc ./Mydriver/Src/RCC.o
 .group         0x0000000000000000        0xc ./Mydriver/Src/RCC.o
 .group         0x0000000000000000        0xc ./Mydriver/Src/RCC.o
 .group         0x0000000000000000        0xc ./Mydriver/Src/RCC.o
 .group         0x0000000000000000        0xc ./Mydriver/Src/RCC.o
 .group         0x0000000000000000        0xc ./Mydriver/Src/RCC.o
 .group         0x0000000000000000        0xc ./Mydriver/Src/RCC.o
 .group         0x0000000000000000        0xc ./Mydriver/Src/RCC.o
 .group         0x0000000000000000        0xc ./Mydriver/Src/RCC.o
 .group         0x0000000000000000        0xc ./Mydriver/Src/RCC.o
 .group         0x0000000000000000        0xc ./Mydriver/Src/RCC.o
 .group         0x0000000000000000        0xc ./Mydriver/Src/RCC.o
 .group         0x0000000000000000        0xc ./Mydriver/Src/RCC.o
 .group         0x0000000000000000        0xc ./Mydriver/Src/RCC.o
 .group         0x0000000000000000        0xc ./Mydriver/Src/RCC.o
 .group         0x0000000000000000        0xc ./Mydriver/Src/RCC.o
 .group         0x0000000000000000        0xc ./Mydriver/Src/RCC.o
 .group         0x0000000000000000        0xc ./Mydriver/Src/RCC.o
 .group         0x0000000000000000        0xc ./Mydriver/Src/RCC.o
 .group         0x0000000000000000        0xc ./Mydriver/Src/RCC.o
 .group         0x0000000000000000        0xc ./Mydriver/Src/RCC.o
 .text          0x0000000000000000        0x0 ./Mydriver/Src/RCC.o
 .data          0x0000000000000000        0x0 ./Mydriver/Src/RCC.o
 .bss           0x0000000000000000        0x0 ./Mydriver/Src/RCC.o
 .rodata.AHB_Prescaler
                0x0000000000000000       0x10 ./Mydriver/Src/RCC.o
 .rodata.APB_Prescaler
                0x0000000000000000        0x8 ./Mydriver/Src/RCC.o
 .text.RCC_GetSystemClock
                0x0000000000000000       0x54 ./Mydriver/Src/RCC.o
 .text.RCC_GetHClock
                0x0000000000000000       0x50 ./Mydriver/Src/RCC.o
 .text.RCC_GetPClock1
                0x0000000000000000       0x50 ./Mydriver/Src/RCC.o
 .text.RCC_GetPClock2
                0x0000000000000000       0x50 ./Mydriver/Src/RCC.o
 .debug_info    0x0000000000000000      0xc8b ./Mydriver/Src/RCC.o
 .debug_abbrev  0x0000000000000000      0x1c8 ./Mydriver/Src/RCC.o
 .debug_aranges
                0x0000000000000000       0x38 ./Mydriver/Src/RCC.o
 .debug_ranges  0x0000000000000000       0x28 ./Mydriver/Src/RCC.o
 .debug_macro   0x0000000000000000      0x1c1 ./Mydriver/Src/RCC.o
 .debug_macro   0x0000000000000000      0xab4 ./Mydriver/Src/RCC.o
 .debug_macro   0x0000000000000000       0x22 ./Mydriver/Src/RCC.o
 .debug_macro   0x0000000000000000       0x8e ./Mydriver/Src/RCC.o
 .debug_macro   0x0000000000000000       0x51 ./Mydriver/Src/RCC.o
 .debug_macro   0x0000000000000000      0x103 ./Mydriver/Src/RCC.o
 .debug_macro   0x0000000000000000       0x6a ./Mydriver/Src/RCC.o
 .debug_macro   0x0000000000000000      0x1df ./Mydriver/Src/RCC.o
 .debug_macro   0x0000000000000000       0x52 ./Mydriver/Src/RCC.o
 .debug_macro   0x0000000000000000       0x18 ./Mydriver/Src/RCC.o
 .debug_macro   0x0000000000000000       0x3c ./Mydriver/Src/RCC.o
 .debug_macro   0x0000000000000000       0x34 ./Mydriver/Src/RCC.o
 .debug_macro   0x0000000000000000      0x174 ./Mydriver/Src/RCC.o
 .debug_macro   0x0000000000000000       0x16 ./Mydriver/Src/RCC.o
 .debug_macro   0x0000000000000000       0x43 ./Mydriver/Src/RCC.o
 .debug_macro   0x0000000000000000       0x34 ./Mydriver/Src/RCC.o
 .debug_macro   0x0000000000000000       0x10 ./Mydriver/Src/RCC.o
 .debug_macro   0x0000000000000000       0x58 ./Mydriver/Src/RCC.o
 .debug_macro   0x0000000000000000       0x71 ./Mydriver/Src/RCC.o
 .debug_macro   0x0000000000000000       0x1c ./Mydriver/Src/RCC.o
 .debug_macro   0x0000000000000000      0x12a ./Mydriver/Src/RCC.o
 .debug_macro   0x0000000000000000      0x339 ./Mydriver/Src/RCC.o
 .debug_macro   0x0000000000000000       0x10 ./Mydriver/Src/RCC.o
 .debug_macro   0x0000000000000000       0x35 ./Mydriver/Src/RCC.o
 .debug_macro   0x0000000000000000       0x20 ./Mydriver/Src/RCC.o
 .debug_macro   0x0000000000000000      0x33a ./Mydriver/Src/RCC.o
 .debug_macro   0x0000000000000000      0x112 ./Mydriver/Src/RCC.o
 .debug_macro   0x0000000000000000       0xb2 ./Mydriver/Src/RCC.o
 .debug_macro   0x0000000000000000       0x8e ./Mydriver/Src/RCC.o
 .debug_macro   0x0000000000000000       0x7c ./Mydriver/Src/RCC.o
 .debug_macro   0x0000000000000000       0x52 ./Mydriver/Src/RCC.o
 .debug_macro   0x0000000000000000       0x76 ./Mydriver/Src/RCC.o
 .debug_line    0x0000000000000000      0x63c ./Mydriver/Src/RCC.o
 .debug_str     0x0000000000000000     0xa309 ./Mydriver/Src/RCC.o
 .comment       0x0000000000000000       0x54 ./Mydriver/Src/RCC.o
 .debug_frame   0x0000000000000000       0xa4 ./Mydriver/Src/RCC.o
 .ARM.attributes
                0x0000000000000000       0x34 ./Mydriver/Src/RCC.o
 .group         0x0000000000000000        0xc ./Mydriver/Src/SPI.o
 .group         0x0000000000000000        0xc ./Mydriver/Src/SPI.o
 .group         0x0000000000000000        0xc ./Mydriver/Src/SPI.o
 .group         0x0000000000000000        0xc ./Mydriver/Src/SPI.o
 .group         0x0000000000000000        0xc ./Mydriver/Src/SPI.o
 .group         0x0000000000000000        0xc ./Mydriver/Src/SPI.o
 .group         0x0000000000000000        0xc ./Mydriver/Src/SPI.o
 .group         0x0000000000000000        0xc ./Mydriver/Src/SPI.o
 .group         0x0000000000000000        0xc ./Mydriver/Src/SPI.o
 .group         0x0000000000000000        0xc ./Mydriver/Src/SPI.o
 .group         0x0000000000000000        0xc ./Mydriver/Src/SPI.o
 .group         0x0000000000000000        0xc ./Mydriver/Src/SPI.o
 .group         0x0000000000000000        0xc ./Mydriver/Src/SPI.o
 .group         0x0000000000000000        0xc ./Mydriver/Src/SPI.o
 .group         0x0000000000000000        0xc ./Mydriver/Src/SPI.o
 .group         0x0000000000000000        0xc ./Mydriver/Src/SPI.o
 .group         0x0000000000000000        0xc ./Mydriver/Src/SPI.o
 .group         0x0000000000000000        0xc ./Mydriver/Src/SPI.o
 .group         0x0000000000000000        0xc ./Mydriver/Src/SPI.o
 .group         0x0000000000000000        0xc ./Mydriver/Src/SPI.o
 .group         0x0000000000000000        0xc ./Mydriver/Src/SPI.o
 .group         0x0000000000000000        0xc ./Mydriver/Src/SPI.o
 .group         0x0000000000000000        0xc ./Mydriver/Src/SPI.o
 .group         0x0000000000000000        0xc ./Mydriver/Src/SPI.o
 .group         0x0000000000000000        0xc ./Mydriver/Src/SPI.o
 .group         0x0000000000000000        0xc ./Mydriver/Src/SPI.o
 .group         0x0000000000000000        0xc ./Mydriver/Src/SPI.o
 .group         0x0000000000000000        0xc ./Mydriver/Src/SPI.o
 .group         0x0000000000000000        0xc ./Mydriver/Src/SPI.o
 .group         0x0000000000000000        0xc ./Mydriver/Src/SPI.o
 .group         0x0000000000000000        0xc ./Mydriver/Src/SPI.o
 .text          0x0000000000000000        0x0 ./Mydriver/Src/SPI.o
 .data          0x0000000000000000        0x0 ./Mydriver/Src/SPI.o
 .bss           0x0000000000000000        0x0 ./Mydriver/Src/SPI.o
 .text.SPI_CloseISR_TX
                0x0000000000000000       0x38 ./Mydriver/Src/SPI.o
 .text.SPI_CloseISR_RX
                0x0000000000000000       0x38 ./Mydriver/Src/SPI.o
 .text.SPI_TransmitHelper_16Bits
                0x0000000000000000       0x36 ./Mydriver/Src/SPI.o
 .text.SPI_TransmitHelper_8Bits
                0x0000000000000000       0x40 ./Mydriver/Src/SPI.o
 .text.SPI_ReceiveHelper_16Bits
                0x0000000000000000       0x36 ./Mydriver/Src/SPI.o
 .text.SPI_ReceiveHelper_8Bits
                0x0000000000000000       0x40 ./Mydriver/Src/SPI.o
 .text.SPI_Init
                0x0000000000000000       0x5c ./Mydriver/Src/SPI.o
 .text.SPI_PeriphCmd
                0x0000000000000000       0x40 ./Mydriver/Src/SPI.o
 .text.SPI_TransmitData
                0x0000000000000000       0x8a ./Mydriver/Src/SPI.o
 .text.SPI_ReceiveData
                0x0000000000000000       0x7e ./Mydriver/Src/SPI.o
 .text.SPI_TransmitData_IT
                0x0000000000000000       0x70 ./Mydriver/Src/SPI.o
 .text.SPI_ReceiveData_IT
                0x0000000000000000       0x70 ./Mydriver/Src/SPI.o
 .text.SPI_InterruptHandler
                0x0000000000000000       0x78 ./Mydriver/Src/SPI.o
 .text.SPI_GetFlagStatus
                0x0000000000000000       0x2c ./Mydriver/Src/SPI.o
 .debug_info    0x0000000000000000      0xea2 ./Mydriver/Src/SPI.o
 .debug_abbrev  0x0000000000000000      0x24e ./Mydriver/Src/SPI.o
 .debug_aranges
                0x0000000000000000       0x88 ./Mydriver/Src/SPI.o
 .debug_ranges  0x0000000000000000       0x78 ./Mydriver/Src/SPI.o
 .debug_macro   0x0000000000000000      0x1c1 ./Mydriver/Src/SPI.o
 .debug_macro   0x0000000000000000      0xab4 ./Mydriver/Src/SPI.o
 .debug_macro   0x0000000000000000       0x22 ./Mydriver/Src/SPI.o
 .debug_macro   0x0000000000000000       0x8e ./Mydriver/Src/SPI.o
 .debug_macro   0x0000000000000000       0x51 ./Mydriver/Src/SPI.o
 .debug_macro   0x0000000000000000      0x103 ./Mydriver/Src/SPI.o
 .debug_macro   0x0000000000000000       0x6a ./Mydriver/Src/SPI.o
 .debug_macro   0x0000000000000000      0x1df ./Mydriver/Src/SPI.o
 .debug_macro   0x0000000000000000       0x52 ./Mydriver/Src/SPI.o
 .debug_macro   0x0000000000000000       0x18 ./Mydriver/Src/SPI.o
 .debug_macro   0x0000000000000000       0x3c ./Mydriver/Src/SPI.o
 .debug_macro   0x0000000000000000       0x34 ./Mydriver/Src/SPI.o
 .debug_macro   0x0000000000000000      0x174 ./Mydriver/Src/SPI.o
 .debug_macro   0x0000000000000000       0x16 ./Mydriver/Src/SPI.o
 .debug_macro   0x0000000000000000       0x43 ./Mydriver/Src/SPI.o
 .debug_macro   0x0000000000000000       0x34 ./Mydriver/Src/SPI.o
 .debug_macro   0x0000000000000000       0x10 ./Mydriver/Src/SPI.o
 .debug_macro   0x0000000000000000       0x58 ./Mydriver/Src/SPI.o
 .debug_macro   0x0000000000000000       0x71 ./Mydriver/Src/SPI.o
 .debug_macro   0x0000000000000000       0x1c ./Mydriver/Src/SPI.o
 .debug_macro   0x0000000000000000      0x12a ./Mydriver/Src/SPI.o
 .debug_macro   0x0000000000000000      0x339 ./Mydriver/Src/SPI.o
 .debug_macro   0x0000000000000000       0x10 ./Mydriver/Src/SPI.o
 .debug_macro   0x0000000000000000       0x35 ./Mydriver/Src/SPI.o
 .debug_macro   0x0000000000000000       0x20 ./Mydriver/Src/SPI.o
 .debug_macro   0x0000000000000000      0x33a ./Mydriver/Src/SPI.o
 .debug_macro   0x0000000000000000      0x112 ./Mydriver/Src/SPI.o
 .debug_macro   0x0000000000000000       0x76 ./Mydriver/Src/SPI.o
 .debug_macro   0x0000000000000000       0xb2 ./Mydriver/Src/SPI.o
 .debug_macro   0x0000000000000000       0x7c ./Mydriver/Src/SPI.o
 .debug_macro   0x0000000000000000       0x52 ./Mydriver/Src/SPI.o
 .debug_macro   0x0000000000000000       0x8e ./Mydriver/Src/SPI.o
 .debug_line    0x0000000000000000      0x8a9 ./Mydriver/Src/SPI.o
 .debug_str     0x0000000000000000     0xa441 ./Mydriver/Src/SPI.o
 .comment       0x0000000000000000       0x54 ./Mydriver/Src/SPI.o
 .debug_frame   0x0000000000000000      0x22c ./Mydriver/Src/SPI.o
 .ARM.attributes
                0x0000000000000000       0x34 ./Mydriver/Src/SPI.o
 .group         0x0000000000000000        0xc ./Mydriver/Src/USART.o
 .group         0x0000000000000000        0xc ./Mydriver/Src/USART.o
 .group         0x0000000000000000        0xc ./Mydriver/Src/USART.o
 .group         0x0000000000000000        0xc ./Mydriver/Src/USART.o
 .group         0x0000000000000000        0xc ./Mydriver/Src/USART.o
 .group         0x0000000000000000        0xc ./Mydriver/Src/USART.o
 .group         0x0000000000000000        0xc ./Mydriver/Src/USART.o
 .group         0x0000000000000000        0xc ./Mydriver/Src/USART.o
 .group         0x0000000000000000        0xc ./Mydriver/Src/USART.o
 .group         0x0000000000000000        0xc ./Mydriver/Src/USART.o
 .group         0x0000000000000000        0xc ./Mydriver/Src/USART.o
 .group         0x0000000000000000        0xc ./Mydriver/Src/USART.o
 .group         0x0000000000000000        0xc ./Mydriver/Src/USART.o
 .group         0x0000000000000000        0xc ./Mydriver/Src/USART.o
 .group         0x0000000000000000        0xc ./Mydriver/Src/USART.o
 .group         0x0000000000000000        0xc ./Mydriver/Src/USART.o
 .group         0x0000000000000000        0xc ./Mydriver/Src/USART.o
 .group         0x0000000000000000        0xc ./Mydriver/Src/USART.o
 .group         0x0000000000000000        0xc ./Mydriver/Src/USART.o
 .group         0x0000000000000000        0xc ./Mydriver/Src/USART.o
 .group         0x0000000000000000        0xc ./Mydriver/Src/USART.o
 .group         0x0000000000000000        0xc ./Mydriver/Src/USART.o
 .group         0x0000000000000000        0xc ./Mydriver/Src/USART.o
 .group         0x0000000000000000        0xc ./Mydriver/Src/USART.o
 .group         0x0000000000000000        0xc ./Mydriver/Src/USART.o
 .group         0x0000000000000000        0xc ./Mydriver/Src/USART.o
 .group         0x0000000000000000        0xc ./Mydriver/Src/USART.o
 .group         0x0000000000000000        0xc ./Mydriver/Src/USART.o
 .group         0x0000000000000000        0xc ./Mydriver/Src/USART.o
 .group         0x0000000000000000        0xc ./Mydriver/Src/USART.o
 .group         0x0000000000000000        0xc ./Mydriver/Src/USART.o
 .text          0x0000000000000000        0x0 ./Mydriver/Src/USART.o
 .data          0x0000000000000000        0x0 ./Mydriver/Src/USART.o
 .bss           0x0000000000000000        0x0 ./Mydriver/Src/USART.o
 .text.close_USART_ISR
                0x0000000000000000       0x38 ./Mydriver/Src/USART.o
 .text.close_USART_ISR_Rx
                0x0000000000000000       0x38 ./Mydriver/Src/USART.o
 .text.USART_SendWith_IT
                0x0000000000000000       0x80 ./Mydriver/Src/USART.o
 .text.USART_ReceiveWith_IT
                0x0000000000000000      0x108 ./Mydriver/Src/USART.o
 .text.USART_Init
                0x0000000000000000      0x148 ./Mydriver/Src/USART.o
 .text.USART_Transmit
                0x0000000000000000       0xaa ./Mydriver/Src/USART.o
 .text.USART_Receive
                0x0000000000000000       0xee ./Mydriver/Src/USART.o
 .text.USART_TransmitData_IT
                0x0000000000000000       0x58 ./Mydriver/Src/USART.o
 .text.USART_ReceiveData_IT
                0x0000000000000000       0x58 ./Mydriver/Src/USART.o
 .text.USART_PeriphCmd
                0x0000000000000000       0x40 ./Mydriver/Src/USART.o
 .text.USART_GetFlagStatus
                0x0000000000000000       0x2c ./Mydriver/Src/USART.o
 .text.USART_InterruptHandler
                0x0000000000000000       0x80 ./Mydriver/Src/USART.o
 .debug_info    0x0000000000000000      0xef3 ./Mydriver/Src/USART.o
 .debug_abbrev  0x0000000000000000      0x2b1 ./Mydriver/Src/USART.o
 .debug_aranges
                0x0000000000000000       0x78 ./Mydriver/Src/USART.o
 .debug_ranges  0x0000000000000000       0x68 ./Mydriver/Src/USART.o
 .debug_macro   0x0000000000000000      0x1c1 ./Mydriver/Src/USART.o
 .debug_macro   0x0000000000000000      0xab4 ./Mydriver/Src/USART.o
 .debug_macro   0x0000000000000000       0x22 ./Mydriver/Src/USART.o
 .debug_macro   0x0000000000000000       0x8e ./Mydriver/Src/USART.o
 .debug_macro   0x0000000000000000       0x51 ./Mydriver/Src/USART.o
 .debug_macro   0x0000000000000000      0x103 ./Mydriver/Src/USART.o
 .debug_macro   0x0000000000000000       0x6a ./Mydriver/Src/USART.o
 .debug_macro   0x0000000000000000      0x1df ./Mydriver/Src/USART.o
 .debug_macro   0x0000000000000000       0x52 ./Mydriver/Src/USART.o
 .debug_macro   0x0000000000000000       0x18 ./Mydriver/Src/USART.o
 .debug_macro   0x0000000000000000       0x3c ./Mydriver/Src/USART.o
 .debug_macro   0x0000000000000000       0x34 ./Mydriver/Src/USART.o
 .debug_macro   0x0000000000000000      0x174 ./Mydriver/Src/USART.o
 .debug_macro   0x0000000000000000       0x16 ./Mydriver/Src/USART.o
 .debug_macro   0x0000000000000000       0x43 ./Mydriver/Src/USART.o
 .debug_macro   0x0000000000000000       0x34 ./Mydriver/Src/USART.o
 .debug_macro   0x0000000000000000       0x10 ./Mydriver/Src/USART.o
 .debug_macro   0x0000000000000000       0x58 ./Mydriver/Src/USART.o
 .debug_macro   0x0000000000000000       0x71 ./Mydriver/Src/USART.o
 .debug_macro   0x0000000000000000       0x1c ./Mydriver/Src/USART.o
 .debug_macro   0x0000000000000000      0x12a ./Mydriver/Src/USART.o
 .debug_macro   0x0000000000000000      0x339 ./Mydriver/Src/USART.o
 .debug_macro   0x0000000000000000       0x10 ./Mydriver/Src/USART.o
 .debug_macro   0x0000000000000000       0x35 ./Mydriver/Src/USART.o
 .debug_macro   0x0000000000000000       0x20 ./Mydriver/Src/USART.o
 .debug_macro   0x0000000000000000      0x33a ./Mydriver/Src/USART.o
 .debug_macro   0x0000000000000000      0x112 ./Mydriver/Src/USART.o
 .debug_macro   0x0000000000000000       0x76 ./Mydriver/Src/USART.o
 .debug_macro   0x0000000000000000       0xb2 ./Mydriver/Src/USART.o
 .debug_macro   0x0000000000000000       0x8e ./Mydriver/Src/USART.o
 .debug_macro   0x0000000000000000       0x52 ./Mydriver/Src/USART.o
 .debug_macro   0x0000000000000000       0x7c ./Mydriver/Src/USART.o
 .debug_line    0x0000000000000000      0x9e2 ./Mydriver/Src/USART.o
 .debug_str     0x0000000000000000     0xa498 ./Mydriver/Src/USART.o
 .comment       0x0000000000000000       0x54 ./Mydriver/Src/USART.o
 .debug_frame   0x0000000000000000      0x1d8 ./Mydriver/Src/USART.o
 .ARM.attributes
                0x0000000000000000       0x34 ./Mydriver/Src/USART.o
 .group         0x0000000000000000        0xc ./Src/main.o
 .group         0x0000000000000000        0xc ./Src/main.o
 .group         0x0000000000000000        0xc ./Src/main.o
 .group         0x0000000000000000        0xc ./Src/main.o
 .group         0x0000000000000000        0xc ./Src/main.o
 .group         0x0000000000000000        0xc ./Src/main.o
 .group         0x0000000000000000        0xc ./Src/main.o
 .group         0x0000000000000000        0xc ./Src/main.o
 .group         0x0000000000000000        0xc ./Src/main.o
 .group         0x0000000000000000        0xc ./Src/main.o
 .group         0x0000000000000000        0xc ./Src/main.o
 .group         0x0000000000000000        0xc ./Src/main.o
 .group         0x0000000000000000        0xc ./Src/main.o
 .group         0x0000000000000000        0xc ./Src/main.o
 .group         0x0000000000000000        0xc ./Src/main.o
 .group         0x0000000000000000        0xc ./Src/main.o
 .group         0x0000000000000000        0xc ./Src/main.o
 .group         0x0000000000000000        0xc ./Src/main.o
 .group         0x0000000000000000        0xc ./Src/main.o
 .group         0x0000000000000000        0xc ./Src/main.o
 .group         0x0000000000000000        0xc ./Src/main.o
 .group         0x0000000000000000        0xc ./Src/main.o
 .group         0x0000000000000000        0xc ./Src/main.o
 .group         0x0000000000000000        0xc ./Src/main.o
 .group         0x0000000000000000        0xc ./Src/main.o
 .group         0x0000000000000000        0xc ./Src/main.o
 .group         0x0000000000000000        0xc ./Src/main.o
 .group         0x0000000000000000        0xc ./Src/main.o
 .group         0x0000000000000000        0xc ./Src/main.o
 .group         0x0000000000000000        0xc ./Src/main.o
 .group         0x0000000000000000        0xc ./Src/main.o
 .text          0x0000000000000000        0x0 ./Src/main.o
 .data          0x0000000000000000        0x0 ./Src/main.o
 .bss           0x0000000000000000        0x0 ./Src/main.o
 .debug_macro   0x0000000000000000      0xab4 ./Src/main.o
 .debug_macro   0x0000000000000000       0x22 ./Src/main.o
 .debug_macro   0x0000000000000000       0x8e ./Src/main.o
 .debug_macro   0x0000000000000000       0x51 ./Src/main.o
 .debug_macro   0x0000000000000000      0x103 ./Src/main.o
 .debug_macro   0x0000000000000000       0x6a ./Src/main.o
 .debug_macro   0x0000000000000000      0x1df ./Src/main.o
 .debug_macro   0x0000000000000000       0x52 ./Src/main.o
 .debug_macro   0x0000000000000000       0x18 ./Src/main.o
 .debug_macro   0x0000000000000000       0x3c ./Src/main.o
 .debug_macro   0x0000000000000000       0x34 ./Src/main.o
 .debug_macro   0x0000000000000000      0x174 ./Src/main.o
 .debug_macro   0x0000000000000000       0x16 ./Src/main.o
 .debug_macro   0x0000000000000000       0x43 ./Src/main.o
 .debug_macro   0x0000000000000000       0x34 ./Src/main.o
 .debug_macro   0x0000000000000000       0x10 ./Src/main.o
 .debug_macro   0x0000000000000000       0x58 ./Src/main.o
 .debug_macro   0x0000000000000000       0x71 ./Src/main.o
 .debug_macro   0x0000000000000000       0x1c ./Src/main.o
 .debug_macro   0x0000000000000000      0x12a ./Src/main.o
 .debug_macro   0x0000000000000000      0x339 ./Src/main.o
 .debug_macro   0x0000000000000000       0x10 ./Src/main.o
 .debug_macro   0x0000000000000000       0x35 ./Src/main.o
 .debug_macro   0x0000000000000000       0x20 ./Src/main.o
 .debug_macro   0x0000000000000000      0x33a ./Src/main.o
 .debug_macro   0x0000000000000000      0x112 ./Src/main.o
 .debug_macro   0x0000000000000000       0x76 ./Src/main.o
 .debug_macro   0x0000000000000000       0xb2 ./Src/main.o
 .debug_macro   0x0000000000000000       0x8e ./Src/main.o
 .debug_macro   0x0000000000000000       0x7c ./Src/main.o
 .debug_macro   0x0000000000000000       0x52 ./Src/main.o
 .group         0x0000000000000000        0xc ./Src/syscalls.o
 .group         0x0000000000000000        0xc ./Src/syscalls.o
 .group         0x0000000000000000        0xc ./Src/syscalls.o
 .group         0x0000000000000000        0xc ./Src/syscalls.o
 .group         0x0000000000000000        0xc ./Src/syscalls.o
 .group         0x0000000000000000        0xc ./Src/syscalls.o
 .group         0x0000000000000000        0xc ./Src/syscalls.o
 .group         0x0000000000000000        0xc ./Src/syscalls.o
 .group         0x0000000000000000        0xc ./Src/syscalls.o
 .group         0x0000000000000000        0xc ./Src/syscalls.o
 .group         0x0000000000000000        0xc ./Src/syscalls.o
 .group         0x0000000000000000        0xc ./Src/syscalls.o
 .group         0x0000000000000000        0xc ./Src/syscalls.o
 .group         0x0000000000000000        0xc ./Src/syscalls.o
 .group         0x0000000000000000        0xc ./Src/syscalls.o
 .group         0x0000000000000000        0xc ./Src/syscalls.o
 .group         0x0000000000000000        0xc ./Src/syscalls.o
 .group         0x0000000000000000        0xc ./Src/syscalls.o
 .group         0x0000000000000000        0xc ./Src/syscalls.o
 .group         0x0000000000000000        0xc ./Src/syscalls.o
 .group         0x0000000000000000        0xc ./Src/syscalls.o
 .group         0x0000000000000000        0xc ./Src/syscalls.o
 .group         0x0000000000000000        0xc ./Src/syscalls.o
 .group         0x0000000000000000        0xc ./Src/syscalls.o
 .group         0x0000000000000000        0xc ./Src/syscalls.o
 .group         0x0000000000000000        0xc ./Src/syscalls.o
 .group         0x0000000000000000        0xc ./Src/syscalls.o
 .group         0x0000000000000000        0xc ./Src/syscalls.o
 .group         0x0000000000000000        0xc ./Src/syscalls.o
 .group         0x0000000000000000        0xc ./Src/syscalls.o
 .group         0x0000000000000000        0xc ./Src/syscalls.o
 .group         0x0000000000000000        0xc ./Src/syscalls.o
 .group         0x0000000000000000        0xc ./Src/syscalls.o
 .group         0x0000000000000000        0xc ./Src/syscalls.o
 .group         0x0000000000000000        0xc ./Src/syscalls.o
 .group         0x0000000000000000        0xc ./Src/syscalls.o
 .group         0x0000000000000000        0xc ./Src/syscalls.o
 .group         0x0000000000000000        0xc ./Src/syscalls.o
 .group         0x0000000000000000        0xc ./Src/syscalls.o
 .group         0x0000000000000000        0xc ./Src/syscalls.o
 .group         0x0000000000000000        0xc ./Src/syscalls.o
 .group         0x0000000000000000        0xc ./Src/syscalls.o
 .group         0x0000000000000000        0xc ./Src/syscalls.o
 .group         0x0000000000000000        0xc ./Src/syscalls.o
 .group         0x0000000000000000        0xc ./Src/syscalls.o
 .group         0x0000000000000000        0xc ./Src/syscalls.o
 .group         0x0000000000000000        0xc ./Src/syscalls.o
 .text          0x0000000000000000        0x0 ./Src/syscalls.o
 .data          0x0000000000000000        0x0 ./Src/syscalls.o
 .bss           0x0000000000000000        0x0 ./Src/syscalls.o
 .bss.__env     0x0000000000000000        0x4 ./Src/syscalls.o
 .data.environ  0x0000000000000000        0x4 ./Src/syscalls.o
 .text.initialise_monitor_handles
                0x0000000000000000        0xe ./Src/syscalls.o
 .text._getpid  0x0000000000000000       0x10 ./Src/syscalls.o
 .text._kill    0x0000000000000000       0x20 ./Src/syscalls.o
 .text._exit    0x0000000000000000       0x14 ./Src/syscalls.o
 .text._read    0x0000000000000000       0x3a ./Src/syscalls.o
 .text._write   0x0000000000000000       0x38 ./Src/syscalls.o
 .text._close   0x0000000000000000       0x18 ./Src/syscalls.o
 .text._fstat   0x0000000000000000       0x20 ./Src/syscalls.o
 .text._isatty  0x0000000000000000       0x16 ./Src/syscalls.o
 .text._lseek   0x0000000000000000       0x1a ./Src/syscalls.o
 .text._open    0x0000000000000000       0x1c ./Src/syscalls.o
 .text._wait    0x0000000000000000       0x1e ./Src/syscalls.o
 .text._unlink  0x0000000000000000       0x1e ./Src/syscalls.o
 .text._times   0x0000000000000000       0x18 ./Src/syscalls.o
 .text._stat    0x0000000000000000       0x20 ./Src/syscalls.o
 .text._link    0x0000000000000000       0x20 ./Src/syscalls.o
 .text._fork    0x0000000000000000       0x16 ./Src/syscalls.o
 .text._execve  0x0000000000000000       0x22 ./Src/syscalls.o
 .debug_info    0x0000000000000000      0xfa8 ./Src/syscalls.o
 .debug_abbrev  0x0000000000000000      0x286 ./Src/syscalls.o
 .debug_aranges
                0x0000000000000000       0xa8 ./Src/syscalls.o
 .debug_ranges  0x0000000000000000       0x98 ./Src/syscalls.o
 .debug_macro   0x0000000000000000      0x24c ./Src/syscalls.o
 .debug_macro   0x0000000000000000      0xab4 ./Src/syscalls.o
 .debug_macro   0x0000000000000000       0x22 ./Src/syscalls.o
 .debug_macro   0x0000000000000000       0x4c ./Src/syscalls.o
 .debug_macro   0x0000000000000000       0x18 ./Src/syscalls.o
 .debug_macro   0x0000000000000000       0x94 ./Src/syscalls.o
 .debug_macro   0x0000000000000000       0x3c ./Src/syscalls.o
 .debug_macro   0x0000000000000000       0x34 ./Src/syscalls.o
 .debug_macro   0x0000000000000000       0x57 ./Src/syscalls.o
 .debug_macro   0x0000000000000000      0x174 ./Src/syscalls.o
 .debug_macro   0x0000000000000000      0x339 ./Src/syscalls.o
 .debug_macro   0x0000000000000000       0x16 ./Src/syscalls.o
 .debug_macro   0x0000000000000000       0x43 ./Src/syscalls.o
 .debug_macro   0x0000000000000000       0x34 ./Src/syscalls.o
 .debug_macro   0x0000000000000000       0x10 ./Src/syscalls.o
 .debug_macro   0x0000000000000000       0x58 ./Src/syscalls.o
 .debug_macro   0x0000000000000000       0x71 ./Src/syscalls.o
 .debug_macro   0x0000000000000000       0x1c ./Src/syscalls.o
 .debug_macro   0x0000000000000000      0x12a ./Src/syscalls.o
 .debug_macro   0x0000000000000000       0x10 ./Src/syscalls.o
 .debug_macro   0x0000000000000000       0x35 ./Src/syscalls.o
 .debug_macro   0x0000000000000000       0x10 ./Src/syscalls.o
 .debug_macro   0x0000000000000000       0x10 ./Src/syscalls.o
 .debug_macro   0x0000000000000000       0x10 ./Src/syscalls.o
 .debug_macro   0x0000000000000000       0x6a ./Src/syscalls.o
 .debug_macro   0x0000000000000000       0x1c ./Src/syscalls.o
 .debug_macro   0x0000000000000000       0x52 ./Src/syscalls.o
 .debug_macro   0x0000000000000000       0x22 ./Src/syscalls.o
 .debug_macro   0x0000000000000000       0x10 ./Src/syscalls.o
 .debug_macro   0x0000000000000000       0x40 ./Src/syscalls.o
 .debug_macro   0x0000000000000000       0xd5 ./Src/syscalls.o
 .debug_macro   0x0000000000000000       0x1c ./Src/syscalls.o
 .debug_macro   0x0000000000000000       0x3d ./Src/syscalls.o
 .debug_macro   0x0000000000000000       0x35 ./Src/syscalls.o
 .debug_macro   0x0000000000000000      0x12c ./Src/syscalls.o
 .debug_macro   0x0000000000000000       0x16 ./Src/syscalls.o
 .debug_macro   0x0000000000000000       0x16 ./Src/syscalls.o
 .debug_macro   0x0000000000000000       0x29 ./Src/syscalls.o
 .debug_macro   0x0000000000000000       0x10 ./Src/syscalls.o
 .debug_macro   0x0000000000000000      0x241 ./Src/syscalls.o
 .debug_macro   0x0000000000000000       0x1c ./Src/syscalls.o
 .debug_macro   0x0000000000000000       0x10 ./Src/syscalls.o
 .debug_macro   0x0000000000000000       0x10 ./Src/syscalls.o
 .debug_macro   0x0000000000000000       0x16 ./Src/syscalls.o
 .debug_macro   0x0000000000000000      0x145 ./Src/syscalls.o
 .debug_macro   0x0000000000000000      0x189 ./Src/syscalls.o
 .debug_macro   0x0000000000000000       0x16 ./Src/syscalls.o
 .debug_macro   0x0000000000000000       0xce ./Src/syscalls.o
 .debug_line    0x0000000000000000      0x7fd ./Src/syscalls.o
 .debug_str     0x0000000000000000     0x8ec5 ./Src/syscalls.o
 .comment       0x0000000000000000       0x54 ./Src/syscalls.o
 .debug_frame   0x0000000000000000      0x2ac ./Src/syscalls.o
 .ARM.attributes
                0x0000000000000000       0x34 ./Src/syscalls.o
 .group         0x0000000000000000        0xc ./Src/sysmem.o
 .group         0x0000000000000000        0xc ./Src/sysmem.o
 .group         0x0000000000000000        0xc ./Src/sysmem.o
 .group         0x0000000000000000        0xc ./Src/sysmem.o
 .group         0x0000000000000000        0xc ./Src/sysmem.o
 .group         0x0000000000000000        0xc ./Src/sysmem.o
 .group         0x0000000000000000        0xc ./Src/sysmem.o
 .group         0x0000000000000000        0xc ./Src/sysmem.o
 .group         0x0000000000000000        0xc ./Src/sysmem.o
 .group         0x0000000000000000        0xc ./Src/sysmem.o
 .group         0x0000000000000000        0xc ./Src/sysmem.o
 .group         0x0000000000000000        0xc ./Src/sysmem.o
 .group         0x0000000000000000        0xc ./Src/sysmem.o
 .group         0x0000000000000000        0xc ./Src/sysmem.o
 .group         0x0000000000000000        0xc ./Src/sysmem.o
 .group         0x0000000000000000        0xc ./Src/sysmem.o
 .group         0x0000000000000000        0xc ./Src/sysmem.o
 .group         0x0000000000000000        0xc ./Src/sysmem.o
 .group         0x0000000000000000        0xc ./Src/sysmem.o
 .group         0x0000000000000000        0xc ./Src/sysmem.o
 .group         0x0000000000000000        0xc ./Src/sysmem.o
 .group         0x0000000000000000        0xc ./Src/sysmem.o
 .text          0x0000000000000000        0x0 ./Src/sysmem.o
 .data          0x0000000000000000        0x0 ./Src/sysmem.o
 .bss           0x0000000000000000        0x0 ./Src/sysmem.o
 .bss.__sbrk_heap_end
                0x0000000000000000        0x4 ./Src/sysmem.o
 .text._sbrk    0x0000000000000000       0x6c ./Src/sysmem.o
 .debug_info    0x0000000000000000      0xa25 ./Src/sysmem.o
 .debug_abbrev  0x0000000000000000      0x1bf ./Src/sysmem.o
 .debug_aranges
                0x0000000000000000       0x20 ./Src/sysmem.o
 .debug_ranges  0x0000000000000000       0x10 ./Src/sysmem.o
 .debug_macro   0x0000000000000000       0xff ./Src/sysmem.o
 .debug_macro   0x0000000000000000      0xab4 ./Src/sysmem.o
 .debug_macro   0x0000000000000000       0x10 ./Src/sysmem.o
 .debug_macro   0x0000000000000000       0x22 ./Src/sysmem.o
 .debug_macro   0x0000000000000000       0x4c ./Src/sysmem.o
 .debug_macro   0x0000000000000000       0x18 ./Src/sysmem.o
 .debug_macro   0x0000000000000000       0x94 ./Src/sysmem.o
 .debug_macro   0x0000000000000000       0x3c ./Src/sysmem.o
 .debug_macro   0x0000000000000000       0x34 ./Src/sysmem.o
 .debug_macro   0x0000000000000000      0x174 ./Src/sysmem.o
 .debug_macro   0x0000000000000000       0x16 ./Src/sysmem.o
 .debug_macro   0x0000000000000000       0x43 ./Src/sysmem.o
 .debug_macro   0x0000000000000000       0x57 ./Src/sysmem.o
 .debug_macro   0x0000000000000000       0x34 ./Src/sysmem.o
 .debug_macro   0x0000000000000000       0x10 ./Src/sysmem.o
 .debug_macro   0x0000000000000000       0x58 ./Src/sysmem.o
 .debug_macro   0x0000000000000000       0x71 ./Src/sysmem.o
 .debug_macro   0x0000000000000000       0x1c ./Src/sysmem.o
 .debug_macro   0x0000000000000000      0x12a ./Src/sysmem.o
 .debug_macro   0x0000000000000000      0x23b ./Src/sysmem.o
 .debug_macro   0x0000000000000000      0x103 ./Src/sysmem.o
 .debug_macro   0x0000000000000000       0x6a ./Src/sysmem.o
 .debug_macro   0x0000000000000000      0x1df ./Src/sysmem.o
 .debug_line    0x0000000000000000      0x4f3 ./Src/sysmem.o
 .debug_str     0x0000000000000000     0x6298 ./Src/sysmem.o
 .comment       0x0000000000000000       0x54 ./Src/sysmem.o
 .debug_frame   0x0000000000000000       0x34 ./Src/sysmem.o
 .ARM.attributes
                0x0000000000000000       0x34 ./Src/sysmem.o
 .text          0x0000000000000000       0x14 ./Startup/startup_stm32f407vgtx.o
 .data          0x0000000000000000        0x0 ./Startup/startup_stm32f407vgtx.o
 .bss           0x0000000000000000        0x0 ./Startup/startup_stm32f407vgtx.o
 .text          0x0000000000000000        0x0 c:/st/stm32cubeide_1.8.0/stm32cubeide/plugins/com.st.stm32cube.ide.mcu.externaltools.gnu-tools-for-stm32.9-2020-q2-update.win32_2.0.0.202105311346/tools/bin/../lib/gcc/arm-none-eabi/9.3.1/../../../../arm-none-eabi/lib/thumb/v7e-m+fp/hard\libc_nano.a(lib_a-errno.o)
 .data          0x0000000000000000        0x0 c:/st/stm32cubeide_1.8.0/stm32cubeide/plugins/com.st.stm32cube.ide.mcu.externaltools.gnu-tools-for-stm32.9-2020-q2-update.win32_2.0.0.202105311346/tools/bin/../lib/gcc/arm-none-eabi/9.3.1/../../../../arm-none-eabi/lib/thumb/v7e-m+fp/hard\libc_nano.a(lib_a-errno.o)
 .bss           0x0000000000000000        0x0 c:/st/stm32cubeide_1.8.0/stm32cubeide/plugins/com.st.stm32cube.ide.mcu.externaltools.gnu-tools-for-stm32.9-2020-q2-update.win32_2.0.0.202105311346/tools/bin/../lib/gcc/arm-none-eabi/9.3.1/../../../../arm-none-eabi/lib/thumb/v7e-m+fp/hard\libc_nano.a(lib_a-errno.o)
 .text.__errno  0x0000000000000000        0xc c:/st/stm32cubeide_1.8.0/stm32cubeide/plugins/com.st.stm32cube.ide.mcu.externaltools.gnu-tools-for-stm32.9-2020-q2-update.win32_2.0.0.202105311346/tools/bin/../lib/gcc/arm-none-eabi/9.3.1/../../../../arm-none-eabi/lib/thumb/v7e-m+fp/hard\libc_nano.a(lib_a-errno.o)
 .debug_frame   0x0000000000000000       0x20 c:/st/stm32cubeide_1.8.0/stm32cubeide/plugins/com.st.stm32cube.ide.mcu.externaltools.gnu-tools-for-stm32.9-2020-q2-update.win32_2.0.0.202105311346/tools/bin/../lib/gcc/arm-none-eabi/9.3.1/../../../../arm-none-eabi/lib/thumb/v7e-m+fp/hard\libc_nano.a(lib_a-errno.o)
 .ARM.attributes
                0x0000000000000000       0x34 c:/st/stm32cubeide_1.8.0/stm32cubeide/plugins/com.st.stm32cube.ide.mcu.externaltools.gnu-tools-for-stm32.9-2020-q2-update.win32_2.0.0.202105311346/tools/bin/../lib/gcc/arm-none-eabi/9.3.1/../../../../arm-none-eabi/lib/thumb/v7e-m+fp/hard\libc_nano.a(lib_a-errno.o)
 .text          0x0000000000000000        0x0 c:/st/stm32cubeide_1.8.0/stm32cubeide/plugins/com.st.stm32cube.ide.mcu.externaltools.gnu-tools-for-stm32.9-2020-q2-update.win32_2.0.0.202105311346/tools/bin/../lib/gcc/arm-none-eabi/9.3.1/../../../../arm-none-eabi/lib/thumb/v7e-m+fp/hard\libc_nano.a(lib_a-exit.o)
 .data          0x0000000000000000        0x0 c:/st/stm32cubeide_1.8.0/stm32cubeide/plugins/com.st.stm32cube.ide.mcu.externaltools.gnu-tools-for-stm32.9-2020-q2-update.win32_2.0.0.202105311346/tools/bin/../lib/gcc/arm-none-eabi/9.3.1/../../../../arm-none-eabi/lib/thumb/v7e-m+fp/hard\libc_nano.a(lib_a-exit.o)
 .bss           0x0000000000000000        0x0 c:/st/stm32cubeide_1.8.0/stm32cubeide/plugins/com.st.stm32cube.ide.mcu.externaltools.gnu-tools-for-stm32.9-2020-q2-update.win32_2.0.0.202105311346/tools/bin/../lib/gcc/arm-none-eabi/9.3.1/../../../../arm-none-eabi/lib/thumb/v7e-m+fp/hard\libc_nano.a(lib_a-exit.o)
 .text.exit     0x0000000000000000       0x28 c:/st/stm32cubeide_1.8.0/stm32cubeide/plugins/com.st.stm32cube.ide.mcu.externaltools.gnu-tools-for-stm32.9-2020-q2-update.win32_2.0.0.202105311346/tools/bin/../lib/gcc/arm-none-eabi/9.3.1/../../../../arm-none-eabi/lib/thumb/v7e-m+fp/hard\libc_nano.a(lib_a-exit.o)
 .debug_frame   0x0000000000000000       0x28 c:/st/stm32cubeide_1.8.0/stm32cubeide/plugins/com.st.stm32cube.ide.mcu.externaltools.gnu-tools-for-stm32.9-2020-q2-update.win32_2.0.0.202105311346/tools/bin/../lib/gcc/arm-none-eabi/9.3.1/../../../../arm-none-eabi/lib/thumb/v7e-m+fp/hard\libc_nano.a(lib_a-exit.o)
 .ARM.attributes
                0x0000000000000000       0x34 c:/st/stm32cubeide_1.8.0/stm32cubeide/plugins/com.st.stm32cube.ide.mcu.externaltools.gnu-tools-for-stm32.9-2020-q2-update.win32_2.0.0.202105311346/tools/bin/../lib/gcc/arm-none-eabi/9.3.1/../../../../arm-none-eabi/lib/thumb/v7e-m+fp/hard\libc_nano.a(lib_a-exit.o)
 .text          0x0000000000000000        0x0 c:/st/stm32cubeide_1.8.0/stm32cubeide/plugins/com.st.stm32cube.ide.mcu.externaltools.gnu-tools-for-stm32.9-2020-q2-update.win32_2.0.0.202105311346/tools/bin/../lib/gcc/arm-none-eabi/9.3.1/../../../../arm-none-eabi/lib/thumb/v7e-m+fp/hard\libc_nano.a(lib_a-impure.o)
 .data          0x0000000000000000        0x0 c:/st/stm32cubeide_1.8.0/stm32cubeide/plugins/com.st.stm32cube.ide.mcu.externaltools.gnu-tools-for-stm32.9-2020-q2-update.win32_2.0.0.202105311346/tools/bin/../lib/gcc/arm-none-eabi/9.3.1/../../../../arm-none-eabi/lib/thumb/v7e-m+fp/hard\libc_nano.a(lib_a-impure.o)
 .bss           0x0000000000000000        0x0 c:/st/stm32cubeide_1.8.0/stm32cubeide/plugins/com.st.stm32cube.ide.mcu.externaltools.gnu-tools-for-stm32.9-2020-q2-update.win32_2.0.0.202105311346/tools/bin/../lib/gcc/arm-none-eabi/9.3.1/../../../../arm-none-eabi/lib/thumb/v7e-m+fp/hard\libc_nano.a(lib_a-impure.o)
 .data._impure_ptr
                0x0000000000000000        0x4 c:/st/stm32cubeide_1.8.0/stm32cubeide/plugins/com.st.stm32cube.ide.mcu.externaltools.gnu-tools-for-stm32.9-2020-q2-update.win32_2.0.0.202105311346/tools/bin/../lib/gcc/arm-none-eabi/9.3.1/../../../../arm-none-eabi/lib/thumb/v7e-m+fp/hard\libc_nano.a(lib_a-impure.o)
 .data.impure_data
                0x0000000000000000       0x60 c:/st/stm32cubeide_1.8.0/stm32cubeide/plugins/com.st.stm32cube.ide.mcu.externaltools.gnu-tools-for-stm32.9-2020-q2-update.win32_2.0.0.202105311346/tools/bin/../lib/gcc/arm-none-eabi/9.3.1/../../../../arm-none-eabi/lib/thumb/v7e-m+fp/hard\libc_nano.a(lib_a-impure.o)
 .rodata._global_impure_ptr
                0x0000000000000000        0x4 c:/st/stm32cubeide_1.8.0/stm32cubeide/plugins/com.st.stm32cube.ide.mcu.externaltools.gnu-tools-for-stm32.9-2020-q2-update.win32_2.0.0.202105311346/tools/bin/../lib/gcc/arm-none-eabi/9.3.1/../../../../arm-none-eabi/lib/thumb/v7e-m+fp/hard\libc_nano.a(lib_a-impure.o)
 .ARM.attributes
                0x0000000000000000       0x32 c:/st/stm32cubeide_1.8.0/stm32cubeide/plugins/com.st.stm32cube.ide.mcu.externaltools.gnu-tools-for-stm32.9-2020-q2-update.win32_2.0.0.202105311346/tools/bin/../lib/gcc/arm-none-eabi/9.3.1/../../../../arm-none-eabi/lib/thumb/v7e-m+fp/hard\libc_nano.a(lib_a-impure.o)
 .text          0x0000000000000000        0x0 c:/st/stm32cubeide_1.8.0/stm32cubeide/plugins/com.st.stm32cube.ide.mcu.externaltools.gnu-tools-for-stm32.9-2020-q2-update.win32_2.0.0.202105311346/tools/bin/../lib/gcc/arm-none-eabi/9.3.1/../../../../arm-none-eabi/lib/thumb/v7e-m+fp/hard\libc_nano.a(lib_a-init.o)
 .data          0x0000000000000000        0x0 c:/st/stm32cubeide_1.8.0/stm32cubeide/plugins/com.st.stm32cube.ide.mcu.externaltools.gnu-tools-for-stm32.9-2020-q2-update.win32_2.0.0.202105311346/tools/bin/../lib/gcc/arm-none-eabi/9.3.1/../../../../arm-none-eabi/lib/thumb/v7e-m+fp/hard\libc_nano.a(lib_a-init.o)
 .bss           0x0000000000000000        0x0 c:/st/stm32cubeide_1.8.0/stm32cubeide/plugins/com.st.stm32cube.ide.mcu.externaltools.gnu-tools-for-stm32.9-2020-q2-update.win32_2.0.0.202105311346/tools/bin/../lib/gcc/arm-none-eabi/9.3.1/../../../../arm-none-eabi/lib/thumb/v7e-m+fp/hard\libc_nano.a(lib_a-init.o)
 .text          0x0000000000000000        0x0 c:/st/stm32cubeide_1.8.0/stm32cubeide/plugins/com.st.stm32cube.ide.mcu.externaltools.gnu-tools-for-stm32.9-2020-q2-update.win32_2.0.0.202105311346/tools/bin/../lib/gcc/arm-none-eabi/9.3.1/../../../../arm-none-eabi/lib/thumb/v7e-m+fp/hard\libc_nano.a(lib_a-memset.o)
 .data          0x0000000000000000        0x0 c:/st/stm32cubeide_1.8.0/stm32cubeide/plugins/com.st.stm32cube.ide.mcu.externaltools.gnu-tools-for-stm32.9-2020-q2-update.win32_2.0.0.202105311346/tools/bin/../lib/gcc/arm-none-eabi/9.3.1/../../../../arm-none-eabi/lib/thumb/v7e-m+fp/hard\libc_nano.a(lib_a-memset.o)
 .bss           0x0000000000000000        0x0 c:/st/stm32cubeide_1.8.0/stm32cubeide/plugins/com.st.stm32cube.ide.mcu.externaltools.gnu-tools-for-stm32.9-2020-q2-update.win32_2.0.0.202105311346/tools/bin/../lib/gcc/arm-none-eabi/9.3.1/../../../../arm-none-eabi/lib/thumb/v7e-m+fp/hard\libc_nano.a(lib_a-memset.o)
 .text.memset   0x0000000000000000       0x10 c:/st/stm32cubeide_1.8.0/stm32cubeide/plugins/com.st.stm32cube.ide.mcu.externaltools.gnu-tools-for-stm32.9-2020-q2-update.win32_2.0.0.202105311346/tools/bin/../lib/gcc/arm-none-eabi/9.3.1/../../../../arm-none-eabi/lib/thumb/v7e-m+fp/hard\libc_nano.a(lib_a-memset.o)
 .debug_frame   0x0000000000000000       0x20 c:/st/stm32cubeide_1.8.0/stm32cubeide/plugins/com.st.stm32cube.ide.mcu.externaltools.gnu-tools-for-stm32.9-2020-q2-update.win32_2.0.0.202105311346/tools/bin/../lib/gcc/arm-none-eabi/9.3.1/../../../../arm-none-eabi/lib/thumb/v7e-m+fp/hard\libc_nano.a(lib_a-memset.o)
 .ARM.attributes
                0x0000000000000000       0x34 c:/st/stm32cubeide_1.8.0/stm32cubeide/plugins/com.st.stm32cube.ide.mcu.externaltools.gnu-tools-for-stm32.9-2020-q2-update.win32_2.0.0.202105311346/tools/bin/../lib/gcc/arm-none-eabi/9.3.1/../../../../arm-none-eabi/lib/thumb/v7e-m+fp/hard\libc_nano.a(lib_a-memset.o)
 .text          0x0000000000000000        0x0 c:/st/stm32cubeide_1.8.0/stm32cubeide/plugins/com.st.stm32cube.ide.mcu.externaltools.gnu-tools-for-stm32.9-2020-q2-update.win32_2.0.0.202105311346/tools/bin/../lib/gcc/arm-none-eabi/9.3.1/thumb/v7e-m+fp/hard/crtend.o
 .data          0x0000000000000000        0x0 c:/st/stm32cubeide_1.8.0/stm32cubeide/plugins/com.st.stm32cube.ide.mcu.externaltools.gnu-tools-for-stm32.9-2020-q2-update.win32_2.0.0.202105311346/tools/bin/../lib/gcc/arm-none-eabi/9.3.1/thumb/v7e-m+fp/hard/crtend.o
 .bss           0x0000000000000000        0x0 c:/st/stm32cubeide_1.8.0/stm32cubeide/plugins/com.st.stm32cube.ide.mcu.externaltools.gnu-tools-for-stm32.9-2020-q2-update.win32_2.0.0.202105311346/tools/bin/../lib/gcc/arm-none-eabi/9.3.1/thumb/v7e-m+fp/hard/crtend.o
 .eh_frame      0x0000000000000000        0x4 c:/st/stm32cubeide_1.8.0/stm32cubeide/plugins/com.st.stm32cube.ide.mcu.externaltools.gnu-tools-for-stm32.9-2020-q2-update.win32_2.0.0.202105311346/tools/bin/../lib/gcc/arm-none-eabi/9.3.1/thumb/v7e-m+fp/hard/crtend.o
 .ARM.attributes
                0x0000000000000000       0x32 c:/st/stm32cubeide_1.8.0/stm32cubeide/plugins/com.st.stm32cube.ide.mcu.externaltools.gnu-tools-for-stm32.9-2020-q2-update.win32_2.0.0.202105311346/tools/bin/../lib/gcc/arm-none-eabi/9.3.1/thumb/v7e-m+fp/hard/crtend.o
 .text          0x0000000000000000        0x0 c:/st/stm32cubeide_1.8.0/stm32cubeide/plugins/com.st.stm32cube.ide.mcu.externaltools.gnu-tools-for-stm32.9-2020-q2-update.win32_2.0.0.202105311346/tools/bin/../lib/gcc/arm-none-eabi/9.3.1/thumb/v7e-m+fp/hard/crtn.o
 .data          0x0000000000000000        0x0 c:/st/stm32cubeide_1.8.0/stm32cubeide/plugins/com.st.stm32cube.ide.mcu.externaltools.gnu-tools-for-stm32.9-2020-q2-update.win32_2.0.0.202105311346/tools/bin/../lib/gcc/arm-none-eabi/9.3.1/thumb/v7e-m+fp/hard/crtn.o
 .bss           0x0000000000000000        0x0 c:/st/stm32cubeide_1.8.0/stm32cubeide/plugins/com.st.stm32cube.ide.mcu.externaltools.gnu-tools-for-stm32.9-2020-q2-update.win32_2.0.0.202105311346/tools/bin/../lib/gcc/arm-none-eabi/9.3.1/thumb/v7e-m+fp/hard/crtn.o

Memory Configuration

Name             Origin             Length             Attributes
CCMRAM           0x0000000010000000 0x0000000000010000 xrw
RAM              0x0000000020000000 0x0000000000020000 xrw
FLASH            0x0000000008000000 0x0000000000100000 xr
*default*        0x0000000000000000 0xffffffffffffffff

Linker script and memory map

LOAD c:/st/stm32cubeide_1.8.0/stm32cubeide/plugins/com.st.stm32cube.ide.mcu.externaltools.gnu-tools-for-stm32.9-2020-q2-update.win32_2.0.0.202105311346/tools/bin/../lib/gcc/arm-none-eabi/9.3.1/thumb/v7e-m+fp/hard/crti.o
LOAD c:/st/stm32cubeide_1.8.0/stm32cubeide/plugins/com.st.stm32cube.ide.mcu.externaltools.gnu-tools-for-stm32.9-2020-q2-update.win32_2.0.0.202105311346/tools/bin/../lib/gcc/arm-none-eabi/9.3.1/thumb/v7e-m+fp/hard/crtbegin.o
LOAD c:/st/stm32cubeide_1.8.0/stm32cubeide/plugins/com.st.stm32cube.ide.mcu.externaltools.gnu-tools-for-stm32.9-2020-q2-update.win32_2.0.0.202105311346/tools/bin/../lib/gcc/arm-none-eabi/9.3.1/../../../../arm-none-eabi/lib/thumb/v7e-m+fp/hard/crt0.o
LOAD ./Mydriver/Src/EXTI.o
LOAD ./Mydriver/Src/GPIO.o
LOAD ./Mydriver/Src/I2C.o
LOAD ./Mydriver/Src/RCC.o
LOAD ./Mydriver/Src/SPI.o
LOAD ./Mydriver/Src/USART.o
LOAD ./Src/main.o
LOAD ./Src/syscalls.o
LOAD ./Src/sysmem.o
LOAD ./Startup/startup_stm32f407vgtx.o
START GROUP
LOAD c:/st/stm32cubeide_1.8.0/stm32cubeide/plugins/com.st.stm32cube.ide.mcu.externaltools.gnu-tools-for-stm32.9-2020-q2-update.win32_2.0.0.202105311346/tools/bin/../lib/gcc/arm-none-eabi/9.3.1/../../../../arm-none-eabi/lib/thumb/v7e-m+fp/hard\libc_nano.a
LOAD c:/st/stm32cubeide_1.8.0/stm32cubeide/plugins/com.st.stm32cube.ide.mcu.externaltools.gnu-tools-for-stm32.9-2020-q2-update.win32_2.0.0.202105311346/tools/bin/../lib/gcc/arm-none-eabi/9.3.1/../../../../arm-none-eabi/lib/thumb/v7e-m+fp/hard\libm.a
END GROUP
START GROUP
LOAD c:/st/stm32cubeide_1.8.0/stm32cubeide/plugins/com.st.stm32cube.ide.mcu.externaltools.gnu-tools-for-stm32.9-2020-q2-update.win32_2.0.0.202105311346/tools/bin/../lib/gcc/arm-none-eabi/9.3.1/thumb/v7e-m+fp/hard\libgcc.a
LOAD c:/st/stm32cubeide_1.8.0/stm32cubeide/plugins/com.st.stm32cube.ide.mcu.externaltools.gnu-tools-for-stm32.9-2020-q2-update.win32_2.0.0.202105311346/tools/bin/../lib/gcc/arm-none-eabi/9.3.1/../../../../arm-none-eabi/lib/thumb/v7e-m+fp/hard\libc_nano.a
END GROUP
START GROUP
LOAD c:/st/stm32cubeide_1.8.0/stm32cubeide/plugins/com.st.stm32cube.ide.mcu.externaltools.gnu-tools-for-stm32.9-2020-q2-update.win32_2.0.0.202105311346/tools/bin/../lib/gcc/arm-none-eabi/9.3.1/thumb/v7e-m+fp/hard\libgcc.a
LOAD c:/st/stm32cubeide_1.8.0/stm32cubeide/plugins/com.st.stm32cube.ide.mcu.externaltools.gnu-tools-for-stm32.9-2020-q2-update.win32_2.0.0.202105311346/tools/bin/../lib/gcc/arm-none-eabi/9.3.1/../../../../arm-none-eabi/lib/thumb/v7e-m+fp/hard\libc_nano.a
LOAD c:/st/stm32cubeide_1.8.0/stm32cubeide/plugins/com.st.stm32cube.ide.mcu.externaltools.gnu-tools-for-stm32.9-2020-q2-update.win32_2.0.0.202105311346/tools/bin/../lib/gcc/arm-none-eabi/9.3.1/../../../../arm-none-eabi/lib/thumb/v7e-m+fp/hard\libnosys.a
END GROUP
START GROUP
LOAD c:/st/stm32cubeide_1.8.0/stm32cubeide/plugins/com.st.stm32cube.ide.mcu.externaltools.gnu-tools-for-stm32.9-2020-q2-update.win32_2.0.0.202105311346/tools/bin/../lib/gcc/arm-none-eabi/9.3.1/thumb/v7e-m+fp/hard\libgcc.a
LOAD c:/st/stm32cubeide_1.8.0/stm32cubeide/plugins/com.st.stm32cube.ide.mcu.externaltools.gnu-tools-for-stm32.9-2020-q2-update.win32_2.0.0.202105311346/tools/bin/../lib/gcc/arm-none-eabi/9.3.1/../../../../arm-none-eabi/lib/thumb/v7e-m+fp/hard\libc_nano.a
LOAD c:/st/stm32cubeide_1.8.0/stm32cubeide/plugins/com.st.stm32cube.ide.mcu.externaltools.gnu-tools-for-stm32.9-2020-q2-update.win32_2.0.0.202105311346/tools/bin/../lib/gcc/arm-none-eabi/9.3.1/../../../../arm-none-eabi/lib/thumb/v7e-m+fp/hard\libnosys.a
END GROUP
LOAD c:/st/stm32cubeide_1.8.0/stm32cubeide/plugins/com.st.stm32cube.ide.mcu.externaltools.gnu-tools-for-stm32.9-2020-q2-update.win32_2.0.0.202105311346/tools/bin/../lib/gcc/arm-none-eabi/9.3.1/thumb/v7e-m+fp/hard/crtend.o
LOAD c:/st/stm32cubeide_1.8.0/stm32cubeide/plugins/com.st.stm32cube.ide.mcu.externaltools.gnu-tools-for-stm32.9-2020-q2-update.win32_2.0.0.202105311346/tools/bin/../lib/gcc/arm-none-eabi/9.3.1/thumb/v7e-m+fp/hard/crtn.o
                0x0000000020020000                _estack = (ORIGIN (RAM) + LENGTH (RAM))
                0x0000000000000200                _Min_Heap_Size = 0x200
                0x0000000000000400                _Min_Stack_Size = 0x400

.isr_vector     0x0000000008000000      0x1a8
                0x0000000008000000                . = ALIGN (0x4)
 *(.isr_vector)
 .isr_vector    0x0000000008000000      0x1a8 ./Startup/startup_stm32f407vgtx.o
                0x0000000008000000                g_pfnVectors
                0x00000000080001a8                . = ALIGN (0x4)

.text           0x00000000080001a8       0xfc
                0x00000000080001a8                . = ALIGN (0x4)
 *(.text)
 .text          0x00000000080001a8       0x40 c:/st/stm32cubeide_1.8.0/stm32cubeide/plugins/com.st.stm32cube.ide.mcu.externaltools.gnu-tools-for-stm32.9-2020-q2-update.win32_2.0.0.202105311346/tools/bin/../lib/gcc/arm-none-eabi/9.3.1/thumb/v7e-m+fp/hard/crtbegin.o
 *(.text*)
 .text.main     0x00000000080001e8        0x6 ./Src/main.o
                0x00000000080001e8                main
 *fill*         0x00000000080001ee        0x2 
 .text.Reset_Handler
                0x00000000080001f0       0x50 ./Startup/startup_stm32f407vgtx.o
                0x00000000080001f0                Reset_Handler
 .text.Default_Handler
                0x0000000008000240        0x2 ./Startup/startup_stm32f407vgtx.o
                0x0000000008000240                RTC_Alarm_IRQHandler
                0x0000000008000240                HASH_RNG_IRQHandler
                0x0000000008000240                EXTI2_IRQHandler
                0x0000000008000240                TIM8_CC_IRQHandler
                0x0000000008000240                DebugMon_Handler
                0x0000000008000240                TIM1_CC_IRQHandler
                0x0000000008000240                DMA2_Stream5_IRQHandler
                0x0000000008000240                HardFault_Handler
                0x0000000008000240                DMA1_Stream5_IRQHandler
                0x0000000008000240                SysTick_Handler
                0x0000000008000240                PVD_IRQHandler
                0x0000000008000240                SDIO_IRQHandler
                0x0000000008000240                TAMP_STAMP_IRQHandler
                0x0000000008000240                PendSV_Handler
                0x0000000008000240                NMI_Handler
                0x0000000008000240                CAN2_RX1_IRQHandler
                0x0000000008000240                EXTI3_IRQHandler
                0x0000000008000240                TIM8_TRG_COM_TIM14_IRQHandler
                0x0000000008000240                TIM1_UP_TIM10_IRQHandler
                0x0000000008000240                TIM8_UP_TIM13_IRQHandler
                0x0000000008000240                I2C3_ER_IRQHandler
                0x0000000008000240                LCD_TFT_IRQHandler
                0x0000000008000240                EXTI0_IRQHandler
                0x0000000008000240                I2C2_EV_IRQHandler
                0x0000000008000240                DMA1_Stream2_IRQHandler
                0x0000000008000240                CAN1_RX0_IRQHandler
                0x0000000008000240                FPU_IRQHandler
                0x0000000008000240                OTG_HS_WKUP_IRQHandler
                0x0000000008000240                UsageFault_Handler
                0x0000000008000240                CAN2_SCE_IRQHandler
                0x0000000008000240                DMA2_Stream2_IRQHandler
                0x0000000008000240                SPI1_IRQHandler
                0x0000000008000240                TIM6_DAC_IRQHandler
                0x0000000008000240                TIM1_BRK_TIM9_IRQHandler
                0x0000000008000240                DCMI_IRQHandler
                0x0000000008000240                CAN2_RX0_IRQHandler
                0x0000000008000240                DMA2_Stream3_IRQHandler
                0x0000000008000240                USART6_IRQHandler
                0x0000000008000240                USART3_IRQHandler
                0x0000000008000240                CRYP_IRQHandler
                0x0000000008000240                CAN1_RX1_IRQHandler
                0x0000000008000240                UART5_IRQHandler
                0x0000000008000240                DMA2_Stream0_IRQHandler
                0x0000000008000240                TIM4_IRQHandler
                0x0000000008000240                I2C1_EV_IRQHandler
                0x0000000008000240                DMA1_Stream6_IRQHandler
                0x0000000008000240                DMA1_Stream1_IRQHandler
                0x0000000008000240                UART4_IRQHandler
                0x0000000008000240                LCD_TFT_1_IRQHandler
                0x0000000008000240                TIM3_IRQHandler
                0x0000000008000240                RCC_IRQHandler
                0x0000000008000240                TIM8_BRK_TIM12_IRQHandler
                0x0000000008000240                Default_Handler
                0x0000000008000240                EXTI15_10_IRQHandler
                0x0000000008000240                ADC_IRQHandler
                0x0000000008000240                DMA1_Stream7_IRQHandler
                0x0000000008000240                TIM7_IRQHandler
                0x0000000008000240                CAN2_TX_IRQHandler
                0x0000000008000240                TIM5_IRQHandler
                0x0000000008000240                DMA2_Stream7_IRQHandler
                0x0000000008000240                I2C3_EV_IRQHandler
                0x0000000008000240                EXTI9_5_IRQHandler
                0x0000000008000240                RTC_WKUP_IRQHandler
                0x0000000008000240                ETH_WKUP_IRQHandler
                0x0000000008000240                SPI2_IRQHandler
                0x0000000008000240                OTG_HS_EP1_IN_IRQHandler
                0x0000000008000240                MemManage_Handler
                0x0000000008000240                DMA1_Stream0_IRQHandler
                0x0000000008000240                CAN1_TX_IRQHandler
                0x0000000008000240                SVC_Handler
                0x0000000008000240                EXTI4_IRQHandler
                0x0000000008000240                FSMC_IRQHandler
                0x0000000008000240                ETH_IRQHandler
                0x0000000008000240                OTG_HS_EP1_OUT_IRQHandler
                0x0000000008000240                WWDG_IRQHandler
                0x0000000008000240                TIM2_IRQHandler
                0x0000000008000240                OTG_FS_WKUP_IRQHandler
                0x0000000008000240                TIM1_TRG_COM_TIM11_IRQHandler
                0x0000000008000240                OTG_HS_IRQHandler
                0x0000000008000240                EXTI1_IRQHandler
                0x0000000008000240                USART2_IRQHandler
                0x0000000008000240                I2C2_ER_IRQHandler
                0x0000000008000240                DMA2_Stream1_IRQHandler
                0x0000000008000240                CAN1_SCE_IRQHandler
                0x0000000008000240                DMA2_Stream4_IRQHandler
                0x0000000008000240                BusFault_Handler
                0x0000000008000240                USART1_IRQHandler
                0x0000000008000240                OTG_FS_IRQHandler
                0x0000000008000240                SPI3_IRQHandler
                0x0000000008000240                DMA1_Stream4_IRQHandler
                0x0000000008000240                I2C1_ER_IRQHandler
                0x0000000008000240                DMA2_Stream6_IRQHandler
                0x0000000008000240                DMA1_Stream3_IRQHandler
 *fill*         0x0000000008000242        0x2 
 .text.__libc_init_array
                0x0000000008000244       0x48 c:/st/stm32cubeide_1.8.0/stm32cubeide/plugins/com.st.stm32cube.ide.mcu.externaltools.gnu-tools-for-stm32.9-2020-q2-update.win32_2.0.0.202105311346/tools/bin/../lib/gcc/arm-none-eabi/9.3.1/../../../../arm-none-eabi/lib/thumb/v7e-m+fp/hard\libc_nano.a(lib_a-init.o)
                0x0000000008000244                __libc_init_array
 *(.glue_7)
 .glue_7        0x000000000800028c        0x0 linker stubs
 *(.glue_7t)
 .glue_7t       0x000000000800028c        0x0 linker stubs
 *(.eh_frame)
 .eh_frame      0x000000000800028c        0x0 c:/st/stm32cubeide_1.8.0/stm32cubeide/plugins/com.st.stm32cube.ide.mcu.externaltools.gnu-tools-for-stm32.9-2020-q2-update.win32_2.0.0.202105311346/tools/bin/../lib/gcc/arm-none-eabi/9.3.1/thumb/v7e-m+fp/hard/crtbegin.o
 *(.init)
 .init          0x000000000800028c        0x4 c:/st/stm32cubeide_1.8.0/stm32cubeide/plugins/com.st.stm32cube.ide.mcu.externaltools.gnu-tools-for-stm32.9-2020-q2-update.win32_2.0.0.202105311346/tools/bin/../lib/gcc/arm-none-eabi/9.3.1/thumb/v7e-m+fp/hard/crti.o
                0x000000000800028c                _init
 .init          0x0000000008000290        0x8 c:/st/stm32cubeide_1.8.0/stm32cubeide/plugins/com.st.stm32cube.ide.mcu.externaltools.gnu-tools-for-stm32.9-2020-q2-update.win32_2.0.0.202105311346/tools/bin/../lib/gcc/arm-none-eabi/9.3.1/thumb/v7e-m+fp/hard/crtn.o
 *(.fini)
 .fini          0x0000000008000298        0x4 c:/st/stm32cubeide_1.8.0/stm32cubeide/plugins/com.st.stm32cube.ide.mcu.externaltools.gnu-tools-for-stm32.9-2020-q2-update.win32_2.0.0.202105311346/tools/bin/../lib/gcc/arm-none-eabi/9.3.1/thumb/v7e-m+fp/hard/crti.o
                0x0000000008000298                _fini
 .fini          0x000000000800029c        0x8 c:/st/stm32cubeide_1.8.0/stm32cubeide/plugins/com.st.stm32cube.ide.mcu.externaltools.gnu-tools-for-stm32.9-2020-q2-update.win32_2.0.0.202105311346/tools/bin/../lib/gcc/arm-none-eabi/9.3.1/thumb/v7e-m+fp/hard/crtn.o
                0x00000000080002a4                . = ALIGN (0x4)
                0x00000000080002a4                _etext = .

.vfp11_veneer   0x00000000080002a4        0x0
 .vfp11_veneer  0x00000000080002a4        0x0 linker stubs

.v4_bx          0x00000000080002a4        0x0
 .v4_bx         0x00000000080002a4        0x0 linker stubs

.iplt           0x00000000080002a4        0x0
 .iplt          0x00000000080002a4        0x0 c:/st/stm32cubeide_1.8.0/stm32cubeide/plugins/com.st.stm32cube.ide.mcu.externaltools.gnu-tools-for-stm32.9-2020-q2-update.win32_2.0.0.202105311346/tools/bin/../lib/gcc/arm-none-eabi/9.3.1/thumb/v7e-m+fp/hard/crtbegin.o

.rel.dyn        0x00000000080002a4        0x0
 .rel.iplt      0x00000000080002a4        0x0 c:/st/stm32cubeide_1.8.0/stm32cubeide/plugins/com.st.stm32cube.ide.mcu.externaltools.gnu-tools-for-stm32.9-2020-q2-update.win32_2.0.0.202105311346/tools/bin/../lib/gcc/arm-none-eabi/9.3.1/thumb/v7e-m+fp/hard/crtbegin.o

.rodata         0x00000000080002a4        0x0
                0x00000000080002a4                . = ALIGN (0x4)
 *(.rodata)
 *(.rodata*)
                0x00000000080002a4                . = ALIGN (0x4)

.ARM.extab      0x00000000080002a4        0x0
                0x00000000080002a4                . = ALIGN (0x4)
 *(.ARM.extab* .gnu.linkonce.armextab.*)
                0x00000000080002a4                . = ALIGN (0x4)

.ARM            0x00000000080002a4        0x0
                0x00000000080002a4                . = ALIGN (0x4)
                0x00000000080002a4                __exidx_start = .
 *(.ARM.exidx*)
                0x00000000080002a4                __exidx_end = .
                0x00000000080002a4                . = ALIGN (0x4)

.preinit_array  0x00000000080002a4        0x0
                0x00000000080002a4                . = ALIGN (0x4)
                0x00000000080002a4                PROVIDE (__preinit_array_start = .)
 *(.preinit_array*)
                0x00000000080002a4                PROVIDE (__preinit_array_end = .)
                0x00000000080002a4                . = ALIGN (0x4)

.init_array     0x00000000080002a4        0x4
                0x00000000080002a4                . = ALIGN (0x4)
                0x00000000080002a4                PROVIDE (__init_array_start = .)
 *(SORT_BY_NAME(.init_array.*))
 *(.init_array*)
 .init_array    0x00000000080002a4        0x4 c:/st/stm32cubeide_1.8.0/stm32cubeide/plugins/com.st.stm32cube.ide.mcu.externaltools.gnu-tools-for-stm32.9-2020-q2-update.win32_2.0.0.202105311346/tools/bin/../lib/gcc/arm-none-eabi/9.3.1/thumb/v7e-m+fp/hard/crtbegin.o
                0x00000000080002a8                PROVIDE (__init_array_end = .)
                0x00000000080002a8                . = ALIGN (0x4)

.fini_array     0x00000000080002a8        0x4
                0x00000000080002a8                . = ALIGN (0x4)
                [!provide]                        PROVIDE (__fini_array_start = .)
 *(SORT_BY_NAME(.fini_array.*))
 *(.fini_array*)
 .fini_array    0x00000000080002a8        0x4 c:/st/stm32cubeide_1.8.0/stm32cubeide/plugins/com.st.stm32cube.ide.mcu.externaltools.gnu-tools-for-stm32.9-2020-q2-update.win32_2.0.0.202105311346/tools/bin/../lib/gcc/arm-none-eabi/9.3.1/thumb/v7e-m+fp/hard/crtbegin.o
                [!provide]                        PROVIDE (__fini_array_end = .)
                0x00000000080002ac                . = ALIGN (0x4)
                0x00000000080002ac                _sidata = LOADADDR (.data)

.data           0x0000000020000000        0x0 load address 0x00000000080002ac
                0x0000000020000000                . = ALIGN (0x4)
                0x0000000020000000                _sdata = .
 *(.data)
 *(.data*)
 *(.RamFunc)
 *(.RamFunc*)
                0x0000000020000000                . = ALIGN (0x4)
                0x0000000020000000                _edata = .
                0x00000000080002ac                _siccmram = LOADADDR (.ccmram)

.igot.plt       0x0000000020000000        0x0 load address 0x00000000080002ac
 .igot.plt      0x0000000020000000        0x0 c:/st/stm32cubeide_1.8.0/stm32cubeide/plugins/com.st.stm32cube.ide.mcu.externaltools.gnu-tools-for-stm32.9-2020-q2-update.win32_2.0.0.202105311346/tools/bin/../lib/gcc/arm-none-eabi/9.3.1/thumb/v7e-m+fp/hard/crtbegin.o

.ccmram         0x0000000010000000        0x0 load address 0x00000000080002ac
                0x0000000010000000                . = ALIGN (0x4)
                0x0000000010000000                _sccmram = .
 *(.ccmram)
 *(.ccmram*)
                0x0000000010000000                . = ALIGN (0x4)
                0x0000000010000000                _eccmram = .
                0x0000000010000000                . = ALIGN (0x4)

.bss            0x0000000020000000       0x1c
                0x0000000020000000                _sbss = .
                0x0000000020000000                __bss_start__ = _sbss
 *(.bss)
 .bss           0x0000000020000000       0x1c c:/st/stm32cubeide_1.8.0/stm32cubeide/plugins/com.st.stm32cube.ide.mcu.externaltools.gnu-tools-for-stm32.9-2020-q2-update.win32_2.0.0.202105311346/tools/bin/../lib/gcc/arm-none-eabi/9.3.1/thumb/v7e-m+fp/hard/crtbegin.o
 *(.bss*)
 *(COMMON)
                0x000000002000001c                . = ALIGN (0x4)
                0x000000002000001c                _ebss = .
                0x000000002000001c                __bss_end__ = _ebss

._user_heap_stack
                0x000000002000001c      0x604
                0x0000000020000020                . = ALIGN (0x8)
 *fill*         0x000000002000001c        0x4 
                [!provide]                        PROVIDE (end = .)
                0x0000000020000020                PROVIDE (_end = .)
                0x0000000020000220                . = (. + _Min_Heap_Size)
 *fill*         0x0000000020000020      0x200 
                0x0000000020000620                . = (. + _Min_Stack_Size)
 *fill*         0x0000000020000220      0x400 
                0x0000000020000620                . = ALIGN (0x8)

/DISCARD/
 libc.a(*)
 libm.a(*)
 libgcc.a(*)

.ARM.attributes
                0x0000000000000000       0x30
 *(.ARM.attributes)
 .ARM.attributes
                0x0000000000000000       0x1e c:/st/stm32cubeide_1.8.0/stm32cubeide/plugins/com.st.stm32cube.ide.mcu.externaltools.gnu-tools-for-stm32.9-2020-q2-update.win32_2.0.0.202105311346/tools/bin/../lib/gcc/arm-none-eabi/9.3.1/thumb/v7e-m+fp/hard/crti.o
 .ARM.attributes
                0x000000000000001e       0x34 c:/st/stm32cubeide_1.8.0/stm32cubeide/plugins/com.st.stm32cube.ide.mcu.externaltools.gnu-tools-for-stm32.9-2020-q2-update.win32_2.0.0.202105311346/tools/bin/../lib/gcc/arm-none-eabi/9.3.1/thumb/v7e-m+fp/hard/crtbegin.o
 .ARM.attributes
                0x0000000000000052       0x34 ./Src/main.o
 .ARM.attributes
                0x0000000000000086       0x21 ./Startup/startup_stm32f407vgtx.o
 .ARM.attributes
                0x00000000000000a7       0x34 c:/st/stm32cubeide_1.8.0/stm32cubeide/plugins/com.st.stm32cube.ide.mcu.externaltools.gnu-tools-for-stm32.9-2020-q2-update.win32_2.0.0.202105311346/tools/bin/../lib/gcc/arm-none-eabi/9.3.1/../../../../arm-none-eabi/lib/thumb/v7e-m+fp/hard\libc_nano.a(lib_a-init.o)
 .ARM.attributes
                0x00000000000000db       0x1e c:/st/stm32cubeide_1.8.0/stm32cubeide/plugins/com.st.stm32cube.ide.mcu.externaltools.gnu-tools-for-stm32.9-2020-q2-update.win32_2.0.0.202105311346/tools/bin/../lib/gcc/arm-none-eabi/9.3.1/thumb/v7e-m+fp/hard/crtn.o
OUTPUT(mydriverr.elf elf32-littlearm)
LOAD linker stubs
LOAD c:/st/stm32cubeide_1.8.0/stm32cubeide/plugins/com.st.stm32cube.ide.mcu.externaltools.gnu-tools-for-stm32.9-2020-q2-update.win32_2.0.0.202105311346/tools/bin/../lib/gcc/arm-none-eabi/9.3.1/../../../../arm-none-eabi/lib/thumb/v7e-m+fp/hard\libc.a
LOAD c:/st/stm32cubeide_1.8.0/stm32cubeide/plugins/com.st.stm32cube.ide.mcu.externaltools.gnu-tools-for-stm32.9-2020-q2-update.win32_2.0.0.202105311346/tools/bin/../lib/gcc/arm-none-eabi/9.3.1/../../../../arm-none-eabi/lib/thumb/v7e-m+fp/hard\libm.a
LOAD c:/st/stm32cubeide_1.8.0/stm32cubeide/plugins/com.st.stm32cube.ide.mcu.externaltools.gnu-tools-for-stm32.9-2020-q2-update.win32_2.0.0.202105311346/tools/bin/../lib/gcc/arm-none-eabi/9.3.1/thumb/v7e-m+fp/hard\libgcc.a

.debug_info     0x0000000000000000      0x951
 .debug_info    0x0000000000000000      0x92f ./Src/main.o
 .debug_info    0x000000000000092f       0x22 ./Startup/startup_stm32f407vgtx.o

.debug_abbrev   0x0000000000000000      0x195
 .debug_abbrev  0x0000000000000000      0x183 ./Src/main.o
 .debug_abbrev  0x0000000000000183       0x12 ./Startup/startup_stm32f407vgtx.o

.debug_aranges  0x0000000000000000       0x48
 .debug_aranges
                0x0000000000000000       0x20 ./Src/main.o
 .debug_aranges
                0x0000000000000020       0x28 ./Startup/startup_stm32f407vgtx.o

.debug_ranges   0x0000000000000000       0x30
 .debug_ranges  0x0000000000000000       0x10 ./Src/main.o
 .debug_ranges  0x0000000000000010       0x20 ./Startup/startup_stm32f407vgtx.o

.debug_macro    0x0000000000000000      0x1c1
 .debug_macro   0x0000000000000000      0x1c1 ./Src/main.o

.debug_line     0x0000000000000000      0x5eb
 .debug_line    0x0000000000000000      0x567 ./Src/main.o
 .debug_line    0x0000000000000567       0x84 ./Startup/startup_stm32f407vgtx.o

.debug_str      0x0000000000000000     0x9ecc
 .debug_str     0x0000000000000000     0x9e9b ./Src/main.o
                                       0xa0ec (size before relaxing)
 .debug_str     0x0000000000009e9b       0x31 ./Startup/startup_stm32f407vgtx.o
                                         0x53 (size before relaxing)

.comment        0x0000000000000000       0x53
 .comment       0x0000000000000000       0x53 ./Src/main.o
                                         0x54 (size before relaxing)

.debug_frame    0x0000000000000000       0x54
 .debug_frame   0x0000000000000000       0x28 ./Src/main.o
 .debug_frame   0x0000000000000028       0x2c c:/st/stm32cubeide_1.8.0/stm32cubeide/plugins/com.st.stm32cube.ide.mcu.externaltools.gnu-tools-for-stm32.9-2020-q2-update.win32_2.0.0.202105311346/tools/bin/../lib/gcc/arm-none-eabi/9.3.1/../../../../arm-none-eabi/lib/thumb/v7e-m+fp/hard\libc_nano.a(lib_a-init.o)
